Archive member included to satisfy reference by file (symbol)

C:/devkitPro/libctru/lib\libctru.a(console.o)
                              main.o (consoleInit)
C:/devkitPro/libctru/lib\libctru.a(gfx.o)
                              C:/devkitPro/libctru/lib\libctru.a(console.o) (gfxIsWide)
C:/devkitPro/libctru/lib\libctru.a(apt.o)
                              main.o (aptMainLoop)
C:/devkitPro/libctru/lib\libctru.a(gspgpu.o)
                              C:/devkitPro/libctru/lib\libctru.a(gfx.o) (gspInit)
C:/devkitPro/libctru/lib\libctru.a(hid.o)
                              main.o (hidScanInput)
C:/devkitPro/libctru/lib\libctru.a(irrst.o)
                              C:/devkitPro/libctru/lib\libctru.a(hid.o) (irrstInit)
C:/devkitPro/libctru/lib\libctru.a(ctru_init.o)
                              C:/devkitPro/libctru/lib\libctru.a(apt.o) (__system_retAddr)
C:/devkitPro/libctru/lib\libctru.a(initArgv.o)
                              C:/devkitPro/libctru/lib\libctru.a(ctru_init.o) (__system_initArgv)
C:/devkitPro/libctru/lib\libctru.a(syscalls.o)
                              C:/devkitPro/libctru/lib\libctru.a(ctru_init.o) (__system_initSyscalls)
C:/devkitPro/libctru/lib\libctru.a(svc.o)
                              C:/devkitPro/libctru/lib\libctru.a(apt.o) (svcSleepThread)
C:/devkitPro/libctru/lib\libctru.a(stack_adjust.o)
                              C:/devkitPro/devkitARM/bin/../lib/gcc/arm-none-eabi/14.2.0/../../../../arm-none-eabi/lib/armv6k/fpu/3dsx_crt0.o (initSystem)
C:/devkitPro/libctru/lib\libctru.a(default_font.bin.o)
                              C:/devkitPro/libctru/lib\libctru.a(console.o) (default_font_bin)
C:/devkitPro/libctru/lib\libctru.a(linear.o)
                              C:/devkitPro/libctru/lib\libctru.a(gfx.o) (linearAlloc)
C:/devkitPro/libctru/lib\libctru.a(mem_pool.o)
                              C:/devkitPro/libctru/lib\libctru.a(linear.o) (MemPool::Allocate(MemChunk&, unsigned long, int))
C:/devkitPro/libctru/lib\libctru.a(vram.o)
                              C:/devkitPro/libctru/lib\libctru.a(gfx.o) (vramAlloc)
C:/devkitPro/libctru/lib\libctru.a(3dslink.o)
                              C:/devkitPro/libctru/lib\libctru.a(initArgv.o) (__3dslink_host)
C:/devkitPro/libctru/lib\libctru.a(env.o)
                              C:/devkitPro/libctru/lib\libctru.a(irrst.o) (envGetHandle)
C:/devkitPro/libctru/lib\libctru.a(os.o)
                              C:/devkitPro/libctru/lib\libctru.a(syscalls.o) (osGetTime)
C:/devkitPro/libctru/lib\libctru.a(srv.o)
                              C:/devkitPro/libctru/lib\libctru.a(apt.o) (srvInit)
C:/devkitPro/libctru/lib\libctru.a(synchronization.o)
                              C:/devkitPro/libctru/lib\libctru.a(ctru_init.o) (__sync_init)
C:/devkitPro/libctru/lib\libctru.a(thread.o)
                              C:/devkitPro/libctru/lib\libctru.a(apt.o) (threadCreate)
C:/devkitPro/libctru/lib\libctru.a(mappable.o)
                              C:/devkitPro/libctru/lib\libctru.a(apt.o) (mappableAlloc)
C:/devkitPro/libctru/lib\libctru.a(ptmsysm.o)
                              C:/devkitPro/libctru/lib\libctru.a(os.o) (ptmSysmInit)
C:/devkitPro/libctru/lib\libctru.a(srvpm.o)
                              C:/devkitPro/libctru/lib\libctru.a(srv.o) (srvPmGetSessionHandle)
C:/devkitPro/libctru/lib\libctru.a(soc_connect.o)
                              C:/devkitPro/libctru/lib\libctru.a(3dslink.o) (connect)
C:/devkitPro/libctru/lib\libctru.a(soc_socket.o)
                              C:/devkitPro/libctru/lib\libctru.a(3dslink.o) (socket)
C:/devkitPro/libctru/lib\libctru.a(rbtree_find.o)
                              C:/devkitPro/libctru/lib\libctru.a(linear.o) (rbtree_find)
C:/devkitPro/libctru/lib\libctru.a(rbtree_init.o)
                              C:/devkitPro/libctru/lib\libctru.a(linear.o) (rbtree_init)
C:/devkitPro/libctru/lib\libctru.a(rbtree_insert.o)
                              C:/devkitPro/libctru/lib\libctru.a(linear.o) (rbtree_insert)
C:/devkitPro/libctru/lib\libctru.a(rbtree_remove.o)
                              C:/devkitPro/libctru/lib\libctru.a(linear.o) (rbtree_remove)
C:/devkitPro/libctru/lib\libctru.a(rbtree_rotate.o)
                              C:/devkitPro/libctru/lib\libctru.a(rbtree_insert.o) (rbtree_rotate)
C:/devkitPro/libctru/lib\libctru.a(allocateHeaps.o)
                              C:/devkitPro/libctru/lib\libctru.a(ctru_init.o) (__system_allocateHeaps)
C:/devkitPro/libctru/lib\libctru.a(appExit.o)
                              C:/devkitPro/libctru/lib\libctru.a(stack_adjust.o) (__appExit)
C:/devkitPro/libctru/lib\libctru.a(appInit.o)
                              C:/devkitPro/libctru/lib\libctru.a(stack_adjust.o) (__appInit)
C:/devkitPro/libctru/lib\libctru.a(ctru_exit.o)
                              C:/devkitPro/libctru/lib\libctru.a(stack_adjust.o) (__libctru_exit)
C:/devkitPro/libctru/lib\libctru.a(archive_dev.o)
[...]
Memory Configuration

Name             Origin             Length             Attributes
*default*        0x00000000         0xffffffff

Linker script and memory map

                0x00000000                        __sync_synchronize = __sync_synchronize_dmb
                0x00100000                        PROVIDE (__start__ = 0x100000)
                0x00100000                        . = __start__

.text           0x00100000    0x16d84
 *(.crt0)
 .crt0          0x00100000       0x94 C:/devkitPro/devkitARM/bin/../lib/gcc/arm-none-eabi/14.2.0/../../../../arm-none-eabi/lib/armv6k/fpu/3dsx_crt0.o
                0x00100000                _start
                0x00100008                __service_ptr
                0x0010000c                __apt_appid
                0x00100010                __heap_size
                0x00100014                __linear_heap_size
                0x00100018                __system_arglist
                0x0010001c                __system_runflags
 *(.init)
 .init          0x00100094        0xc C:/devkitPro/devkitARM/bin/../lib/gcc/arm-none-eabi/14.2.0/armv6k/fpu/crti.o
                0x00100094                _init
 .init          0x001000a0        0xc C:/devkitPro/devkitARM/bin/../lib/gcc/arm-none-eabi/14.2.0/armv6k/fpu/crtn.o
                0x001000ac                        . = ALIGN (0x4)
 *(.text)
 .text          0x001000ac      0x240 C:/devkitPro/devkitARM/bin/../lib/gcc/arm-none-eabi/14.2.0/armv6k/fpu\libgcc.a(_divsi3.o)
                0x001000ac                __divsi3
                0x001000ac                __aeabi_idiv
                0x001002cc                __aeabi_idivmod
 .text          0x001002ec        0x4 C:/devkitPro/devkitARM/bin/../lib/gcc/arm-none-eabi/14.2.0/armv6k/fpu\libgcc.a(_dvmd_tls.o)
                0x001002ec                __aeabi_idiv0
                0x001002ec                __aeabi_ldiv0
 .text          0x001002f0       0x3c C:/devkitPro/devkitARM/bin/../lib/gcc/arm-none-eabi/14.2.0/armv6k/fpu\libgcc.a(_aeabi_uldivmod.o)
                0x001002f0                __aeabi_uldivmod
 *fill*         0x0010032c       0x14 
 .text          0x00100340      0x390 C:/devkitPro/devkitARM/bin/../lib/gcc/arm-none-eabi/14.2.0/../../../../arm-none-eabi/lib/armv6k/fpu\libg.a(libc_a-strcmp.o)
                0x00100348                strcmp
 .text          0x001006d0      0x20c C:/devkitPro/devkitARM/bin/../lib/gcc/arm-none-eabi/14.2.0/armv6k/fpu\libgcc.a(_udivsi3.o)
                0x001006d0                __aeabi_uidiv
                0x001006d0                __udivsi3
                0x001008bc                __aeabi_uidivmod
 *(.text.*)
 .text.__do_global_dtors_aux
                0x001008dc       0x40 C:/devkitPro/devkitARM/bin/../lib/gcc/arm-none-eabi/14.2.0/armv6k/fpu/crtbegin.o
 .text.frame_dummy
                0x0010091c       0x2c C:/devkitPro/devkitARM/bin/../lib/gcc/arm-none-eabi/14.2.0/armv6k/fpu/crtbegin.o
 .text.startup.main
                0x00100948       0x84 main.o
                0x00100948                main
 .text.consoleHandleColorEsc
                0x001009cc      0x45c C:/devkitPro/libctru/lib\libctru.a(console.o)
 .text.consoleColorStateShift
                0x00100e28       0xb8 C:/devkitPro/libctru/lib\libctru.a(console.o)
 .text.consoleDrawChar
                0x00100ee0      0x1ac C:/devkitPro/libctru/lib\libctru.a(console.o)
                0x00100ee0                consoleDrawChar
 .text.consolePrintChar
                0x0010108c      0x11c C:/devkitPro/libctru/lib\libctru.a(console.o)
                0x0010108c                consolePrintChar
 .text.con_write
                0x001011a8      0x5ec C:/devkitPro/libctru/lib\libctru.a(console.o)
                0x001011a8                con_write
 .text.newRow   0x00101794      0x124 C:/devkitPro/libctru/lib\libctru.a(console.o)
 .text.consoleInit
                0x001018b8      0x18c C:/devkitPro/libctru/lib\libctru.a(console.o)
                0x001018b8                consoleInit
 .text.gfxPresentFramebuffer
                0x00101a44       0xd0 C:/devkitPro/libctru/lib\libctru.a(gfx.o)
 .text.gfxIsWide
                0x00101b14       0x1c C:/devkitPro/libctru/lib\libctru.a(gfx.o)
                0x00101b14                gfxIsWide
 .text.gfxSetScreenFormat
                0x00101b30       0xec C:/devkitPro/libctru/lib\libctru.a(gfx.o)
                0x00101b30                gfxSetScreenFormat
 .text.gfxSetDoubleBuffering
                0x00101c1c       0x10 C:/devkitPro/libctru/lib\libctru.a(gfx.o)
                0x00101c1c                gfxSetDoubleBuffering
 .text.gfxInit  0x00101c2c       0xd8 C:/devkitPro/libctru/lib\libctru.a(gfx.o)
                0x00101c2c                gfxInit
 .text.gfxInitDefault
                0x00101d04       0x10 C:/devkitPro/libctru/lib\libctru.a(gfx.o)
                0x00101d04                gfxInitDefault
 .text.gfxExit  0x00101d14       0xb4 C:/devkitPro/libctru/lib\libctru.a(gfx.o)
                0x00101d14                gfxExit
 .text.gfxGetFramebuffer
                0x00101dc8       0xa0 C:/devkitPro/libctru/lib\libctru.a(gfx.o)
                0x00101dc8                gfxGetFramebuffer
 .text.gfxFlushBuffers
                0x00101e68      0x100 C:/devkitPro/libctru/lib\libctru.a(gfx.o)
                0x00101e68                gfxFlushBuffers
 .text.gfxSwapBuffers
                0x00101f68       0x50 C:/devkitPro/libctru/lib\libctru.a(gfx.o)
                0x00101f68                gfxSwapBuffers
 .text.gfxSwapBuffersGpu
                0x00101fb8       0x50 C:/devkitPro/libctru/lib\libctru.a(gfx.o)
                0x00101fb8                gfxSwapBuffersGpu
 .text.aptConvertScreenForCapture
                0x00102008      0x1b0 C:/devkitPro/libctru/lib\libctru.a(apt.o)
 .text.aptDspSleep
                0x001021b8        0x8 C:/devkitPro/libctru/lib\libctru.a(apt.o)
                0x001021b8                aptDspSleep
 .text.aptDspWakeup
                0x001021c0        0x4 C:/devkitPro/libctru/lib\libctru.a(apt.o)
                0x001021c0                aptDspWakeup
 .text.aptDspCancel
                0x001021c4        0x4 C:/devkitPro/libctru/lib\libctru.a(apt.o)
                0x001021c4                aptDspCancel
 .text.aptSendCommand
                0x001021c8      0x158 C:/devkitPro/libctru/lib\libctru.a(apt.o)
                0x001021c8                aptSendCommand
 .text.aptExitProcess
                0x00102320       0x44 C:/devkitPro/libctru/lib\libctru.a(apt.o)
 .text.aptExit  0x00102364      0x380 C:/devkitPro/libctru/lib\libctru.a(apt.o)
                0x00102364                aptExit
 .text.aptHandleSleep
                0x001026e4       0xd8 C:/devkitPro/libctru/lib\libctru.a(apt.o)
                0x001026e4                aptHandleSleep
 .text.APT_SleepIfShellClosed
                0x001027bc       0x84 C:/devkitPro/libctru/lib\libctru.a(apt.o)
                0x001027bc                APT_SleepIfShellClosed
 .text.aptSetSleepAllowed
                0x00102840       0x78 C:/devkitPro/libctru/lib\libctru.a(apt.o)
                0x00102840                aptSetSleepAllowed
 .text.APT_UnlockTransition
                0x001028b8       0x84 C:/devkitPro/libctru/lib\libctru.a(apt.o)
                0x001028b8                APT_UnlockTransition
 *fill*         0x0010293c        0x4 
 .text.aptEventHandler
                0x00102940      0x478 C:/devkitPro/libctru/lib\libctru.a(apt.o)
 .text.APT_ReceiveParameter
                0x00102db8       0xb0 C:/devkitPro/libctru/lib\libctru.a(apt.o)
                0x00102db8                APT_ReceiveParameter
 .text.aptReceiveParameter.constprop.0
                0x00102e68       0xac C:/devkitPro/libctru/lib\libctru.a(apt.o)
 *fill*         0x00102f14        0x4 
 .text.aptScreenTransfer
                0x00102f18      0x294 C:/devkitPro/libctru/lib\libctru.a(apt.o)
 .text.aptWaitForWakeUp.isra.0
                0x001031ac      0x2c8 C:/devkitPro/libctru/lib\libctru.a(apt.o)
 .text.aptJumpToHomeMenu
                0x00103474       0xf4 C:/devkitPro/libctru/lib\libctru.a(apt.o)
                0x00103474                aptJumpToHomeMenu
 .text.aptMainLoop
                0x00103568       0x48 C:/devkitPro/libctru/lib\libctru.a(apt.o)
                0x00103568                aptMainLoop
 .text.aptInit  0x001035b0      0x22c C:/devkitPro/libctru/lib\libctru.a(apt.o)
                0x001035b0                aptInit
 .text.APT_CheckNew3DS
                0x001037dc       0x7c C:/devkitPro/libctru/lib\libctru.a(apt.o)
                0x001037dc                APT_CheckNew3DS
 .text.gspHardwareInit
                0x00103858      0xc70 C:/devkitPro/libctru/lib\libctru.a(gspgpu.o)
 .text.gspInit  0x001044c8      0x248 C:/devkitPro/libctru/lib\libctru.a(gspgpu.o)
                0x001044c8                gspInit
 .text.gspExit  0x00104710       0xe4 C:/devkitPro/libctru/lib\libctru.a(gspgpu.o)
                0x00104710                gspExit
 .text.gspHasGpuRight
                0x001047f4       0x10 C:/devkitPro/libctru/lib\libctru.a(gspgpu.o)
                0x001047f4                gspHasGpuRight
 .text.gspPresentBuffer
                0x00104804       0xa0 C:/devkitPro/libctru/lib\libctru.a(gspgpu.o)
                0x00104804                gspPresentBuffer
 .text.gspWaitForEvent
                0x001048a4       0x44 C:/devkitPro/libctru/lib\libctru.a(gspgpu.o)
                0x001048a4                gspWaitForEvent
 .text.gxCmdQueueInterrupt
                0x001048e8        0x4 C:/devkitPro/libctru/lib\libctru.a(gspgpu.o)
                0x001048e8                gxCmdQueueInterrupt
 .text.gspEventThreadMain
                0x001048ec      0x160 C:/devkitPro/libctru/lib\libctru.a(gspgpu.o)
 .text.GSPGPU_FlushDataCache
                0x00104a4c       0x50 C:/devkitPro/libctru/lib\libctru.a(gspgpu.o)
                0x00104a4c                GSPGPU_FlushDataCache
 .text.GSPGPU_SetLcdForceBlack
                0x00104a9c       0x34 C:/devkitPro/libctru/lib\libctru.a(gspgpu.o)
                0x00104a9c                GSPGPU_SetLcdForceBlack
 .text.GSPGPU_AcquireRight
                0x00104ad0       0x68 C:/devkitPro/libctru/lib\libctru.a(gspgpu.o)
                0x00104ad0                GSPGPU_AcquireRight
 .text.GSPGPU_ReleaseRight
                0x00104b38       0x48 C:/devkitPro/libctru/lib\libctru.a(gspgpu.o)
                0x00104b38                GSPGPU_ReleaseRight
 .text.GSPGPU_ImportDisplayCaptureInfo
                0x00104b80       0x7c C:/devkitPro/libctru/lib\libctru.a(gspgpu.o)
                0x00104b80                GSPGPU_ImportDisplayCaptureInfo
 .text.GSPGPU_SaveVramSysArea
                0x00104bfc       0x2c C:/devkitPro/libctru/lib\libctru.a(gspgpu.o)
                0x00104bfc                GSPGPU_SaveVramSysArea
 .text.GSPGPU_RestoreVramSysArea
                0x00104c28       0x2c C:/devkitPro/libctru/lib\libctru.a(gspgpu.o)
                0x00104c28                GSPGPU_RestoreVramSysArea
 .text.hidShouldUseIrrst
                0x00104c54       0x24 C:/devkitPro/libctru/lib\libctru.a(hid.o)
                0x00104c54                hidShouldUseIrrst
 .text.hidInit  0x00104c78      0x18c C:/devkitPro/libctru/lib\libctru.a(hid.o)
                0x00104c78                hidInit
 .text.hidExit  0x00104e04       0xe8 C:/devkitPro/libctru/lib\libctru.a(hid.o)
                0x00104e04                hidExit
 .text.hidScanInput
                0x00104eec      0x2a4 C:/devkitPro/libctru/lib\libctru.a(hid.o)
                0x00104eec                hidScanInput
 .text.hidKeysDown
                0x00105190       0x10 C:/devkitPro/libctru/lib\libctru.a(hid.o)
                0x00105190                hidKeysDown
 .text.hidCircleRead
                0x001051a0       0x18 C:/devkitPro/libctru/lib\libctru.a(hid.o)
                0x001051a0                hidCircleRead
 .text.irrstInit
                0x001051b8      0x160 C:/devkitPro/libctru/lib\libctru.a(irrst.o)
                0x001051b8                irrstInit
 .text.irrstExit
                0x00105318       0xcc C:/devkitPro/libctru/lib\libctru.a(irrst.o)
                0x00105318                irrstExit
 .text.irrstScanInput
                0x001053e4       0xb4 C:/devkitPro/libctru/lib\libctru.a(irrst.o)
                0x001053e4                irrstScanInput
 .text.irrstKeysHeld
                0x00105498       0x24 C:/devkitPro/libctru/lib\libctru.a(irrst.o)
                0x00105498                irrstKeysHeld
 .text.__libctru_init
                0x001054bc       0x38 C:/devkitPro/libctru/lib\libctru.a(ctru_init.o)
                0x001054bc                __libctru_init
 .text.__system_initArgv
                0x001054f4      0x160 C:/devkitPro/libctru/lib\libctru.a(initArgv.o)
                0x001054f4                __system_initArgv
 .text.__syscall_getreent
                0x00105654       0x30 C:/devkitPro/libctru/lib\libctru.a(syscalls.o)
                0x00105654                __syscall_getreent
 .text.__syscall_lock_acquire
                0x00105684        0x4 C:/devkitPro/libctru/lib\libctru.a(syscalls.o)
                0x00105684                __syscall_lock_acquire
 .text.__syscall_lock_release
                0x00105688        0x4 C:/devkitPro/libctru/lib\libctru.a(syscalls.o)
                0x00105688                __syscall_lock_release
 .text.__syscall_lock_acquire_recursive
                0x0010568c        0x4 C:/devkitPro/libctru/lib\libctru.a(syscalls.o)
                0x0010568c                __syscall_lock_acquire_recursive
 .text.__syscall_lock_release_recursive
                0x00105690        0x4 C:/devkitPro/libctru/lib\libctru.a(syscalls.o)
                0x00105690                __syscall_lock_release_recursive
 .text.__syscall_exit
                0x00105694        0x4 C:/devkitPro/libctru/lib\libctru.a(syscalls.o)
                0x00105694                __syscall_exit
 .text.initThreadVars
                0x00105698       0x50 C:/devkitPro/libctru/lib\libctru.a(syscalls.o)
                0x00105698                initThreadVars
 .text.__system_initSyscalls
                0x001056e8       0x80 C:/devkitPro/libctru/lib\libctru.a(syscalls.o)
                0x001056e8                __system_initSyscalls
 .text.svcControlMemory
                0x00105768       0x20 C:/devkitPro/libctru/lib\libctru.a(svc.o)
                0x00105768                svcControlMemory
 .text.svcQueryMemory
                0x00105788       0x30 C:/devkitPro/libctru/lib\libctru.a(svc.o)
                0x00105788                svcQueryMemory
 .text.svcExitProcess
                0x001057b8        0x8 C:/devkitPro/libctru/lib\libctru.a(svc.o)
                0x001057b8                svcExitProcess
 .text.svcCreateThread
                0x001057c0       0x20 C:/devkitPro/libctru/lib\libctru.a(svc.o)
                0x001057c0                svcCreateThread
 .text.svcExitThread
                0x001057e0        0x8 C:/devkitPro/libctru/lib\libctru.a(svc.o)
                0x001057e0                svcExitThread
 .text.svcSleepThread
                0x001057e8        0x8 C:/devkitPro/libctru/lib\libctru.a(svc.o)
                0x001057e8                svcSleepThread
 .text.svcReleaseMutex
                0x001057f0        0x8 C:/devkitPro/libctru/lib\libctru.a(svc.o)
                0x001057f0                svcReleaseMutex
 .text.svcCreateEvent
                0x001057f8       0x14 C:/devkitPro/libctru/lib\libctru.a(svc.o)
                0x001057f8                svcCreateEvent
 .text.svcSignalEvent
                0x0010580c        0x8 C:/devkitPro/libctru/lib\libctru.a(svc.o)
                0x0010580c                svcSignalEvent
 .text.svcClearEvent
                0x00105814        0x8 C:/devkitPro/libctru/lib\libctru.a(svc.o)
                0x00105814                svcClearEvent
 .text.svcMapMemoryBlock
                0x0010581c        0x8 C:/devkitPro/libctru/lib\libctru.a(svc.o)
                0x0010581c                svcMapMemoryBlock
 .text.svcUnmapMemoryBlock
                0x00105824        0x8 C:/devkitPro/libctru/lib\libctru.a(svc.o)
                0x00105824                svcUnmapMemoryBlock
 .text.svcCreateAddressArbiter
                0x0010582c       0x14 C:/devkitPro/libctru/lib\libctru.a(svc.o)
                0x0010582c                svcCreateAddressArbiter
 .text.svcArbitrateAddressNoTimeout
                0x00105840        0x8 C:/devkitPro/libctru/lib\libctru.a(svc.o)
                0x00105840                svcArbitrateAddressNoTimeout
 .text.svcCloseHandle
                0x00105848        0x8 C:/devkitPro/libctru/lib\libctru.a(svc.o)
                0x00105848                svcCloseHandle
 .text.svcWaitSynchronization
                0x00105850        0x8 C:/devkitPro/libctru/lib\libctru.a(svc.o)
                0x00105850                svcWaitSynchronization
 .text.svcWaitSynchronizationN
                0x00105858       0x28 C:/devkitPro/libctru/lib\libctru.a(svc.o)
                0x00105858                svcWaitSynchronizationN
 .text.svcDuplicateHandle
                0x00105880       0x14 C:/devkitPro/libctru/lib\libctru.a(svc.o)
                0x00105880                svcDuplicateHandle
 .text.svcConnectToPort
                0x00105894       0x14 C:/devkitPro/libctru/lib\libctru.a(svc.o)
                0x00105894                svcConnectToPort
 .text.svcSendSyncRequest
                0x001058a8        0x8 C:/devkitPro/libctru/lib\libctru.a(svc.o)
                0x001058a8                svcSendSyncRequest
 .text.svcGetResourceLimit
                0x001058b0       0x14 C:/devkitPro/libctru/lib\libctru.a(svc.o)
                0x001058b0                svcGetResourceLimit
 .text.svcGetResourceLimitLimitValues
                0x001058c4        0x8 C:/devkitPro/libctru/lib\libctru.a(svc.o)
                0x001058c4                svcGetResourceLimitLimitValues
 .text.svcGetResourceLimitCurrentValues
                0x001058cc        0x8 C:/devkitPro/libctru/lib\libctru.a(svc.o)
                0x001058cc                svcGetResourceLimitCurrentValues
 .text.svcBreak
                0x001058d4        0x8 C:/devkitPro/libctru/lib\libctru.a(svc.o)
                0x001058d4                svcBreak
 .text.initSystem
                0x001058dc       0x50 C:/devkitPro/libctru/lib\libctru.a(stack_adjust.o)
                0x001058dc                initSystem
 .text.__ctru_exit
                0x0010592c       0x14 C:/devkitPro/libctru/lib\libctru.a(stack_adjust.o)
                0x0010592c                __ctru_exit
 .text._ZL21addrMapNodeComparatorPK11rbtree_nodeS1_
                0x00105940       0x24 C:/devkitPro/libctru/lib\libctru.a(linear.o)
 .text._ZL21addrMapNodeDestructorP11rbtree_node
                0x00105964        0x4 C:/devkitPro/libctru/lib\libctru.a(linear.o)
 .text.linearMemAlign
                0x00105968      0x120 C:/devkitPro/libctru/lib\libctru.a(linear.o)
                0x00105968                linearMemAlign
 .text.linearAlloc
                0x00105a88        0x8 C:/devkitPro/libctru/lib\libctru.a(linear.o)
                0x00105a88                linearAlloc
 .text.linearFree
                0x00105a90       0x5c C:/devkitPro/libctru/lib\libctru.a(linear.o)
                0x00105a90                linearFree
 .text._ZN7MemPool13CoalesceRightEP8MemBlock
                0x00105aec       0x84 C:/devkitPro/libctru/lib\libctru.a(mem_pool.o)
                0x00105aec                MemPool::CoalesceRight(MemBlock*)
 .text._ZN7MemPool8AllocateER8MemChunkmi
                0x00105b70      0x150 C:/devkitPro/libctru/lib\libctru.a(mem_pool.o)
                0x00105b70                MemPool::Allocate(MemChunk&, unsigned long, int)
 .text._ZN7MemPool10DeallocateERK8MemChunk
                0x00105cc0       0xfc C:/devkitPro/libctru/lib\libctru.a(mem_pool.o)
                0x00105cc0                MemPool::Deallocate(MemChunk const&)
 .text._ZN7MemPool12GetFreeSpaceEv
                0x00105dbc       0x30 C:/devkitPro/libctru/lib\libctru.a(mem_pool.o)
                0x00105dbc                MemPool::GetFreeSpace()
 .text._ZL21addrMapNodeComparatorPK11rbtree_nodeS1_
                0x00105dec       0x24 C:/devkitPro/libctru/lib\libctru.a(vram.o)
 .text._ZL21addrMapNodeDestructorP11rbtree_node
                0x00105e10        0x4 C:/devkitPro/libctru/lib\libctru.a(vram.o)
 .text.vramMemAlignAt
                0x00105e14      0x244 C:/devkitPro/libctru/lib\libctru.a(vram.o)
                0x00105e14                vramMemAlignAt
 .text.vramAlloc
                0x00106058        0xc C:/devkitPro/libctru/lib\libctru.a(vram.o)
                0x00106058                vramAlloc
 .text.vramFree
                0x00106064       0x90 C:/devkitPro/libctru/lib\libctru.a(vram.o)
                0x00106064                vramFree
 .text.envGetHandle
                0x001060f4       0x84 C:/devkitPro/libctru/lib\libctru.a(env.o)
                0x001060f4                envGetHandle
 .text.envDestroyHandles
                0x00106178       0x50 C:/devkitPro/libctru/lib\libctru.a(env.o)
                0x00106178                envDestroyHandles
 .text.__ctru_speedup_config
                0x001061c8       0x34 C:/devkitPro/libctru/lib\libctru.a(os.o)
                0x001061c8                __ctru_speedup_config
 .text.srvInit  0x001061fc      0x12c C:/devkitPro/libctru/lib\libctru.a(srv.o)
                0x001061fc                srvInit
 .text.srvExit  0x00106328       0x58 C:/devkitPro/libctru/lib\libctru.a(srv.o)
                0x00106328                srvExit
 .text.srvEnableNotification
                0x00106380       0x60 C:/devkitPro/libctru/lib\libctru.a(srv.o)
                0x00106380                srvEnableNotification
 .text.srvGetServiceHandleDirect
                0x001063e0       0xa0 C:/devkitPro/libctru/lib\libctru.a(srv.o)
                0x001063e0                srvGetServiceHandleDirect
 .text.srvGetServiceHandle
                0x00106480       0x38 C:/devkitPro/libctru/lib\libctru.a(srv.o)
                0x00106480                srvGetServiceHandle
 .text.srvSubscribe
                0x001064b8       0x34 C:/devkitPro/libctru/lib\libctru.a(srv.o)
                0x001064b8                srvSubscribe
 .text.srvReceiveNotification
                0x001064ec       0x60 C:/devkitPro/libctru/lib\libctru.a(srv.o)
                0x001064ec                srvReceiveNotification
 .text.srvPublishToSubscriber
                0x0010654c       0x38 C:/devkitPro/libctru/lib\libctru.a(srv.o)
                0x0010654c                srvPublishToSubscriber
 .text.__sync_init
                0x00106584        0xc C:/devkitPro/libctru/lib\libctru.a(synchronization.o)
                0x00106584                __sync_init
 .text.__sync_fini
                0x00106590       0x18 C:/devkitPro/libctru/lib\libctru.a(synchronization.o)
                0x00106590                __sync_fini
 .text.syncArbitrateAddress
                0x001065a8       0x2c C:/devkitPro/libctru/lib\libctru.a(synchronization.o)
                0x001065a8                syncArbitrateAddress
 .text.LightLock_Lock
                0x001065d4       0xb0 C:/devkitPro/libctru/lib\libctru.a(synchronization.o)
                0x001065d4                LightLock_Lock
 .text.LightLock_Unlock
                0x00106684       0x40 C:/devkitPro/libctru/lib\libctru.a(synchronization.o)
                0x00106684                LightLock_Unlock
 .text.RecursiveLock_Lock
                0x001066c4       0x30 C:/devkitPro/libctru/lib\libctru.a(synchronization.o)
                0x001066c4                RecursiveLock_Lock
 .text.RecursiveLock_Unlock
                0x001066f4       0x54 C:/devkitPro/libctru/lib\libctru.a(synchronization.o)
                0x001066f4                RecursiveLock_Unlock
 .text.LightEvent_Init
                0x00106748       0x40 C:/devkitPro/libctru/lib\libctru.a(synchronization.o)
                0x00106748                LightEvent_Init
 .text.LightEvent_Clear
                0x00106788       0xa4 C:/devkitPro/libctru/lib\libctru.a(synchronization.o)
                0x00106788                LightEvent_Clear
 .text.LightEvent_Signal
                0x0010682c       0xc8 C:/devkitPro/libctru/lib\libctru.a(synchronization.o)
                0x0010682c                LightEvent_Signal
 .text.LightEvent_TryWait
                0x001068f4       0x50 C:/devkitPro/libctru/lib\libctru.a(synchronization.o)
                0x001068f4                LightEvent_TryWait
 .text.LightEvent_Wait
                0x00106944       0xa0 C:/devkitPro/libctru/lib\libctru.a(synchronization.o)
                0x00106944                LightEvent_Wait
 .text.threadCreate
                0x001069e4      0x1d4 C:/devkitPro/libctru/lib\libctru.a(thread.o)
                0x001069e4                threadCreate
 .text.threadFree
                0x00106bb8       0x2c C:/devkitPro/libctru/lib\libctru.a(thread.o)
                0x00106bb8                threadFree
 .text.threadJoin
                0x00106be4       0x24 C:/devkitPro/libctru/lib\libctru.a(thread.o)
                0x00106be4                threadJoin
 .text.threadGetCurrent
                0x00106c08       0x30 C:/devkitPro/libctru/lib\libctru.a(thread.o)
                0x00106c08                threadGetCurrent
 .text.threadExit
                0x00106c38       0x40 C:/devkitPro/libctru/lib\libctru.a(thread.o)
                0x00106c38                threadExit
 .text._thread_begin
                0x00106c78       0x20 C:/devkitPro/libctru/lib\libctru.a(thread.o)
 .text.mappableFindAddressWithin
                0x00106c98       0x90 C:/devkitPro/libctru/lib\libctru.a(mappable.o)
 .text.mappableInit
                0x00106d28       0x28 C:/devkitPro/libctru/lib\libctru.a(mappable.o)
                0x00106d28                mappableInit
 .text.mappableAlloc
                0x00106d50       0x80 C:/devkitPro/libctru/lib\libctru.a(mappable.o)
                0x00106d50                mappableAlloc
 .text.mappableFree
                0x00106dd0        0x4 C:/devkitPro/libctru/lib\libctru.a(mappable.o)
                0x00106dd0                mappableFree
 .text.ptmSysmInit
                0x00106dd4       0x74 C:/devkitPro/libctru/lib\libctru.a(ptmsysm.o)
                0x00106dd4                ptmSysmInit
 .text.ptmSysmExit
                0x00106e48       0x3c C:/devkitPro/libctru/lib\libctru.a(ptmsysm.o)
                0x00106e48                ptmSysmExit
 .text.PTMSYSM_ConfigureNew3DSCPU
                0x00106e84       0x34 C:/devkitPro/libctru/lib\libctru.a(ptmsysm.o)
                0x00106e84                PTMSYSM_ConfigureNew3DSCPU
 .text.srvPmGetSessionHandle
                0x00106eb8        0xc C:/devkitPro/libctru/lib\libctru.a(srvpm.o)
                0x00106eb8                srvPmGetSessionHandle
 .text.rbtree_find
                0x00106ec4       0x74 C:/devkitPro/libctru/lib\libctru.a(rbtree_find.o)
                0x00106ec4                rbtree_find
 .text.rbtree_init
                0x00106f38       0x10 C:/devkitPro/libctru/lib\libctru.a(rbtree_init.o)
                0x00106f38                rbtree_init
 .text.do_insert
                0x00106f48      0x19c C:/devkitPro/libctru/lib\libctru.a(rbtree_insert.o)
 .text.rbtree_insert
                0x001070e4        0x8 C:/devkitPro/libctru/lib\libctru.a(rbtree_insert.o)
                0x001070e4                rbtree_insert
 .text.rbtree_remove
                0x001070ec      0x310 C:/devkitPro/libctru/lib\libctru.a(rbtree_remove.o)
                0x001070ec                rbtree_remove
 .text.rbtree_rotate
                0x001073fc       0x90 C:/devkitPro/libctru/lib\libctru.a(rbtree_rotate.o)
                0x001073fc                rbtree_rotate
 *fill*         0x0010748c        0x4 
 .text.__system_allocateHeaps
                0x00107490      0x1e0 C:/devkitPro/libctru/lib\libctru.a(allocateHeaps.o)
                0x00107490                __system_allocateHeaps
 .text.__appExit
                0x00107670       0x30 C:/devkitPro/libctru/lib\libctru.a(appExit.o)
                0x00107670                __appExit
 .text.__appInit
                0x001076a0       0x30 C:/devkitPro/libctru/lib\libctru.a(appInit.o)
                0x001076a0                __appInit
 .text.__libctru_exit
                0x001076d0       0x90 C:/devkitPro/libctru/lib\libctru.a(ctru_exit.o)
                0x001076d0                __libctru_exit
 .text.archive_link
                0x00107760       0x14 C:/devkitPro/libctru/lib\libctru.a(archive_dev.o)
 .text.archive_dirreset
                0x00107774       0x14 C:/devkitPro/libctru/lib\libctru.a(archive_dev.o)
 .text.archive_chmod
                0x00107788       0x14 C:/devkitPro/libctru/lib\libctru.a(archive_dev.o)
 .text.error_cmp
                0x0010779c       0x24 C:/devkitPro/libctru/lib\libctru.a(archive_dev.o)
 .text.archive_translate_error
                0x001077c0       0x50 C:/devkitPro/libctru/lib\libctru.a(archive_dev.o)
 .text.archive_seek
                0x00107810       0xc4 C:/devkitPro/libctru/lib\libctru.a(archive_dev.o)
 .text._archiveInit.part.0
                0x001078d4       0x78 C:/devkitPro/libctru/lib\libctru.a(archive_dev.o)
 .text.archiveFindDevice.part.0
                0x0010794c       0xc4 C:/devkitPro/libctru/lib\libctru.a(archive_dev.o)
 .text.archive_utf16path
                0x00107a10      0x290 C:/devkitPro/libctru/lib\libctru.a(archive_dev.o)
 .text._archiveUnmountDeviceStruct.part.0
                0x00107ca0       0x9c C:/devkitPro/libctru/lib\libctru.a(archive_dev.o)
 .text.archive_statvfs
                0x00107d3c       0x14 C:/devkitPro/libctru/lib\libctru.a(archive_dev.o)
 .text.archive_fchmod
                0x00107d50       0x14 C:/devkitPro/libctru/lib\libctru.a(archive_dev.o)
 .text._archiveMountDevice
                0x00107d64      0x168 C:/devkitPro/libctru/lib\libctru.a(archive_dev.o)
 .text.archive_diropen
                0x00107ecc       0xe8 C:/devkitPro/libctru/lib\libctru.a(archive_dev.o)
 .text.archive_fstat
                0x00107fb4       0xa4 C:/devkitPro/libctru/lib\libctru.a(archive_dev.o)
 .text.archive_fsync
                0x00108058       0x6c C:/devkitPro/libctru/lib\libctru.a(archive_dev.o)
 .text.archive_close
                0x001080c4       0x6c C:/devkitPro/libctru/lib\libctru.a(archive_dev.o)
 .text.archive_dirclose
                0x00108130       0x70 C:/devkitPro/libctru/lib\libctru.a(archive_dev.o)
 .text.sdmc_statvfs
                0x001081a0       0xe4 C:/devkitPro/libctru/lib\libctru.a(archive_dev.o)
 .text.archive_chdir
                0x00108284       0xec C:/devkitPro/libctru/lib\libctru.a(archive_dev.o)
 .text.archive_ftruncate
                0x00108370       0x7c C:/devkitPro/libctru/lib\libctru.a(archive_dev.o)
 .text.archive_read
                0x001083ec       0xac C:/devkitPro/libctru/lib\libctru.a(archive_dev.o)
 .text.archive_unlink
                0x00108498       0xa4 C:/devkitPro/libctru/lib\libctru.a(archive_dev.o)
 .text.archive_rmdir
                0x0010853c       0xbc C:/devkitPro/libctru/lib\libctru.a(archive_dev.o)
 .text.archive_mkdir
                0x001085f8       0xdc C:/devkitPro/libctru/lib\libctru.a(archive_dev.o)
 .text.archive_stat
                0x001086d4      0x194 C:/devkitPro/libctru/lib\libctru.a(archive_dev.o)
 .text.archive_dirnext
                0x00108868      0x15c C:/devkitPro/libctru/lib\libctru.a(archive_dev.o)
 .text.archive_write
                0x001089c4      0x124 C:/devkitPro/libctru/lib\libctru.a(archive_dev.o)
 .text.archive_open
                0x00108ae8      0x210 C:/devkitPro/libctru/lib\libctru.a(archive_dev.o)
 .text.archive_rename
                0x00108cf8      0x268 C:/devkitPro/libctru/lib\libctru.a(archive_dev.o)
 .text.archiveMountSdmc
                0x00108f60      0x19c C:/devkitPro/libctru/lib\libctru.a(archive_dev.o)
                0x00108f60                archiveMountSdmc
 .text.archiveUnmountAll
                0x001090fc       0x54 C:/devkitPro/libctru/lib\libctru.a(archive_dev.o)
                0x001090fc                archiveUnmountAll
 .text.fsInit   0x00109150       0xd0 C:/devkitPro/libctru/lib\libctru.a(fs.o)
                0x00109150                fsInit
 .text.fsExit   0x00109220       0x3c C:/devkitPro/libctru/lib\libctru.a(fs.o)
                0x00109220                fsExit
 .text.fsExemptFromSession
                0x0010925c       0x60 C:/devkitPro/libctru/lib\libctru.a(fs.o)
                0x0010925c                fsExemptFromSession
 .text.fsUnexemptFromSession
                0x001092bc       0x50 C:/devkitPro/libctru/lib\libctru.a(fs.o)
                0x001092bc                fsUnexemptFromSession
 .text.FSUSER_OpenFile
                0x0010930c       0xcc C:/devkitPro/libctru/lib\libctru.a(fs.o)
                0x0010930c                FSUSER_OpenFile
 .text.FSUSER_DeleteFile
                0x001093d8       0xbc C:/devkitPro/libctru/lib\libctru.a(fs.o)
                0x001093d8                FSUSER_DeleteFile
 .text.FSUSER_RenameFile
                0x00109494       0xf8 C:/devkitPro/libctru/lib\libctru.a(fs.o)
                0x00109494                FSUSER_RenameFile
 .text.FSUSER_DeleteDirectory
                0x0010958c       0xbc C:/devkitPro/libctru/lib\libctru.a(fs.o)
                0x0010958c                FSUSER_DeleteDirectory
 .text.FSUSER_CreateFile
                0x00109648       0xd4 C:/devkitPro/libctru/lib\libctru.a(fs.o)
                0x00109648                FSUSER_CreateFile
 .text.FSUSER_CreateDirectory
                0x0010971c       0xc4 C:/devkitPro/libctru/lib\libctru.a(fs.o)
                0x0010971c                FSUSER_CreateDirectory
 .text.FSUSER_RenameDirectory
                0x001097e0       0xf8 C:/devkitPro/libctru/lib\libctru.a(fs.o)
                0x001097e0                FSUSER_RenameDirectory
 .text.FSUSER_OpenDirectory
                0x001098d8       0xb4 C:/devkitPro/libctru/lib\libctru.a(fs.o)
                0x001098d8                FSUSER_OpenDirectory
 .text.FSUSER_OpenArchive
                0x0010998c       0x94 C:/devkitPro/libctru/lib\libctru.a(fs.o)
                0x0010998c                FSUSER_OpenArchive
 .text.FSUSER_CloseArchive
                0x00109a20       0x8c C:/devkitPro/libctru/lib\libctru.a(fs.o)
                0x00109a20                FSUSER_CloseArchive
 .text.FSUSER_GetSdmcArchiveResource
                0x00109aac       0x74 C:/devkitPro/libctru/lib\libctru.a(fs.o)
                0x00109aac                FSUSER_GetSdmcArchiveResource
 .text.FSUSER_IsSdmcWritable
                0x00109b20       0x64 C:/devkitPro/libctru/lib\libctru.a(fs.o)
                0x00109b20                FSUSER_IsSdmcWritable
 .text.FSFILE_Read
                0x00109b84       0x58 C:/devkitPro/libctru/lib\libctru.a(fs.o)
                0x00109b84                FSFILE_Read
 .text.FSFILE_Write
                0x00109bdc       0x60 C:/devkitPro/libctru/lib\libctru.a(fs.o)
                0x00109bdc                FSFILE_Write
 .text.FSFILE_GetSize
                0x00109c3c       0x38 C:/devkitPro/libctru/lib\libctru.a(fs.o)
                0x00109c3c                FSFILE_GetSize
 .text.FSFILE_SetSize
                0x00109c74       0x28 C:/devkitPro/libctru/lib\libctru.a(fs.o)
                0x00109c74                FSFILE_SetSize
 .text.FSFILE_Close
                0x00109c9c       0x3c C:/devkitPro/libctru/lib\libctru.a(fs.o)
                0x00109c9c                FSFILE_Close
 .text.FSFILE_Flush
                0x00109cd8       0x24 C:/devkitPro/libctru/lib\libctru.a(fs.o)
                0x00109cd8                FSFILE_Flush
 .text.FSDIR_Read
                0x00109cfc       0x50 C:/devkitPro/libctru/lib\libctru.a(fs.o)
                0x00109cfc                FSDIR_Read
 .text.FSDIR_Close
                0x00109d4c       0x3c C:/devkitPro/libctru/lib\libctru.a(fs.o)
                0x00109d4c                FSDIR_Close
 .text.rbtree_node_next
                0x00109d88       0x5c C:/devkitPro/libctru/lib\libctru.a(rbtree_iterator.o)
                0x00109d88                rbtree_node_next
 .text.decode_utf8
                0x00109de4      0x13c C:/devkitPro/libctru/lib\libctru.a(decode_utf8.o)
                0x00109de4                decode_utf8
 .text.utf16_to_utf8
                0x00109f20       0xe8 C:/devkitPro/libctru/lib\libctru.a(utf16_to_utf8.o)
                0x00109f20                utf16_to_utf8
 .text.utf8_to_utf16
                0x0010a008       0xc0 C:/devkitPro/libctru/lib\libctru.a(utf8_to_utf16.o)
                0x0010a008                utf8_to_utf16
 .text.__aeabi_read_tp
                0x0010a0c8        0xc C:/devkitPro/libctru/lib\libctru.a(readtp.o)
                0x0010a0c8                __aeabi_read_tp
 .text.decode_utf16
                0x0010a0d4       0x64 C:/devkitPro/libctru/lib\libctru.a(decode_utf16.o)
                0x0010a0d4                decode_utf16
 .text.encode_utf16
                0x0010a138       0x54 C:/devkitPro/libctru/lib\libctru.a(encode_utf16.o)
                0x0010a138                encode_utf16
 .text.encode_utf8
                0x0010a18c       0xe0 C:/devkitPro/libctru/lib\libctru.a(encode_utf8.o)
                0x0010a18c                encode_utf8
 .text.__udivmoddi4
                0x0010a26c      0x120 C:/devkitPro/devkitARM/bin/../lib/gcc/arm-none-eabi/14.2.0/armv6k/fpu\libgcc.a(_udivmoddi4.o)
                0x0010a26c                __udivmoddi4
 .text.strncmp  0x0010a38c       0xd8 C:/devkitPro/devkitARM/bin/../lib/gcc/arm-none-eabi/14.2.0/../../../../arm-none-eabi/lib/armv6k/fpu\libg.a(libc_a-strncmp.o)
                0x0010a38c                strncmp
 .text.strlen   0x0010a464       0x5c C:/devkitPro/devkitARM/bin/../lib/gcc/arm-none-eabi/14.2.0/../../../../arm-none-eabi/lib/armv6k/fpu\libg.a(libc_a-strlen-stub.o)
                0x0010a464                strlen
 .text._strtoul_l.isra.0
                0x0010a4c0      0x1e4 C:/devkitPro/devkitARM/bin/../lib/gcc/arm-none-eabi/14.2.0/../../../../arm-none-eabi/lib/armv6k/fpu\libg.a(libc_a-strtoul.o)
 .text.strtoul  0x0010a6a4       0x34 C:/devkitPro/devkitARM/bin/../lib/gcc/arm-none-eabi/14.2.0/../../../../arm-none-eabi/lib/armv6k/fpu\libg.a(libc_a-strtoul.o)
                0x0010a6a4                strtoul
 .text.strncat  0x0010a6d8       0xe4 C:/devkitPro/devkitARM/bin/../lib/gcc/arm-none-eabi/14.2.0/../../../../arm-none-eabi/lib/armv6k/fpu\libg.a(libc_a-strncat.o)
                0x0010a6d8                strncat
 .text.bsearch  0x0010a7bc       0x78 C:/devkitPro/devkitARM/bin/../lib/gcc/arm-none-eabi/14.2.0/../../../../arm-none-eabi/lib/armv6k/fpu\libg.a(libc_a-bsearch.o)
                0x0010a7bc                bsearch
 .text.memalign
                0x0010a834       0x20 C:/devkitPro/devkitARM/bin/../lib/gcc/arm-none-eabi/14.2.0/../../../../arm-none-eabi/lib/armv6k/fpu\libg.a(libc_a-malign.o)
                0x0010a834                memalign
 .text.stdio_exit_handler
                0x0010a854       0x1c C:/devkitPro/devkitARM/bin/../lib/gcc/arm-none-eabi/14.2.0/../../../../arm-none-eabi/lib/armv6k/fpu\libg.a(libc_a-findfp.o)
 .text.cleanup_stdio
                0x0010a870       0x5c C:/devkitPro/devkitARM/bin/../lib/gcc/arm-none-eabi/14.2.0/../../../../arm-none-eabi/lib/armv6k/fpu\libg.a(libc_a-findfp.o)
 .text.global_stdio_init.part.0
                0x0010a8cc      0x154 C:/devkitPro/devkitARM/bin/../lib/gcc/arm-none-eabi/14.2.0/../../../../arm-none-eabi/lib/armv6k/fpu\libg.a(libc_a-findfp.o)
 .text.__sinit  0x0010aa20       0x5c C:/devkitPro/devkitARM/bin/../lib/gcc/arm-none-eabi/14.2.0/../../../../arm-none-eabi/lib/armv6k/fpu\libg.a(libc_a-findfp.o)
                0x0010aa20                __sinit
 .text.__sfp_lock_acquire
                0x0010aa7c        0xc C:/devkitPro/devkitARM/bin/../lib/gcc/arm-none-eabi/14.2.0/../../../../arm-none-eabi/lib/armv6k/fpu\libg.a(libc_a-findfp.o)
                0x0010aa7c                __sfp_lock_acquire
 .text.__sfp_lock_release
                0x0010aa88        0xc C:/devkitPro/devkitARM/bin/../lib/gcc/arm-none-eabi/14.2.0/../../../../arm-none-eabi/lib/armv6k/fpu\libg.a(libc_a-findfp.o)
                0x0010aa88                __sfp_lock_release
 .text._malloc_r
                0x0010aa94      0x7e8 C:/devkitPro/devkitARM/bin/../lib/gcc/arm-none-eabi/14.2.0/../../../../arm-none-eabi/lib/armv6k/fpu\libg.a(libc_a-mallocr.o)
                0x0010aa94                _malloc_r
 .text._malloc_trim_r
                0x0010b27c       0xf8 C:/devkitPro/devkitARM/bin/../lib/gcc/arm-none-eabi/14.2.0/../../../../arm-none-eabi/lib/armv6k/fpu\libg.a(libc_a-freer.o)
                0x0010b27c                _malloc_trim_r
 .text._free_r  0x0010b374      0x300 C:/devkitPro/devkitARM/bin/../lib/gcc/arm-none-eabi/14.2.0/../../../../arm-none-eabi/lib/armv6k/fpu\libg.a(libc_a-freer.o)
                0x0010b374                _free_r
 .text.setvbuf  0x0010b674      0x294 C:/devkitPro/devkitARM/bin/../lib/gcc/arm-none-eabi/14.2.0/../../../../arm-none-eabi/lib/armv6k/fpu\libg.a(libc_a-setvbuf.o)
                0x0010b674                setvbuf
 .text.strnlen  0x0010b908       0x4c C:/devkitPro/devkitARM/bin/../lib/gcc/arm-none-eabi/14.2.0/../../../../arm-none-eabi/lib/armv6k/fpu\libg.a(libc_a-strnlen.o)
                0x0010b908                strnlen
 .text.__errno  0x0010b954        0xc C:/devkitPro/devkitARM/bin/../lib/gcc/arm-none-eabi/14.2.0/../../../../arm-none-eabi/lib/armv6k/fpu\libg.a(libc_a-errno.o)
                0x0010b954                __errno
 .text.malloc   0x0010b960       0x34 C:/devkitPro/devkitARM/bin/../lib/gcc/arm-none-eabi/14.2.0/../../../../arm-none-eabi/lib/armv6k/fpu\libg.a(libc_a-malloc.o)
                0x0010b960                malloc
 .text.free     0x0010b994       0x18 C:/devkitPro/devkitARM/bin/../lib/gcc/arm-none-eabi/14.2.0/../../../../arm-none-eabi/lib/armv6k/fpu\libg.a(libc_a-malloc.o)
                0x0010b994                free
 .text.memcpy   0x0010b9ac      0x130 C:/devkitPro/devkitARM/bin/../lib/gcc/arm-none-eabi/14.2.0/../../../../arm-none-eabi/lib/armv6k/fpu\libg.a(libc_a-memcpy-stub.o)
                0x0010b9ac                memcpy
 .text.printf   0x0010badc       0x34 C:/devkitPro/devkitARM/bin/../lib/gcc/arm-none-eabi/14.2.0/../../../../arm-none-eabi/lib/armv6k/fpu\libg.a(libc_a-printf.o)
                0x0010badc                printf
 .text._puts_r  0x0010bb10       0xe0 C:/devkitPro/devkitARM/bin/../lib/gcc/arm-none-eabi/14.2.0/../../../../arm-none-eabi/lib/armv6k/fpu\libg.a(libc_a-puts.o)
                0x0010bb10                _puts_r
 .text.puts     0x0010bbf0       0x18 C:/devkitPro/devkitARM/bin/../lib/gcc/arm-none-eabi/14.2.0/../../../../arm-none-eabi/lib/armv6k/fpu\libg.a(libc_a-puts.o)
                0x0010bbf0                puts
 .text.memset   0x0010bc08       0xe8 C:/devkitPro/devkitARM/bin/../lib/gcc/arm-none-eabi/14.2.0/../../../../arm-none-eabi/lib/armv6k/fpu\libg.a(libc_a-memset.o)
                0x0010bc08                memset
 .text._fwalk_sglue
                0x0010bcf0       0x70 C:/devkitPro/devkitARM/bin/../lib/gcc/arm-none-eabi/14.2.0/../../../../arm-none-eabi/lib/armv6k/fpu\libg.a(libc_a-fwalk.o)
                0x0010bcf0                _fwalk_sglue
 .text.__malloc_lock
                0x0010bd60        0xc C:/devkitPro/devkitARM/bin/../lib/gcc/arm-none-eabi/14.2.0/../../../../arm-none-eabi/lib/armv6k/fpu\libg.a(libc_a-mlock.o)
                0x0010bd60                __malloc_lock
 .text.__malloc_unlock
                0x0010bd6c        0xc C:/devkitPro/devkitARM/bin/../lib/gcc/arm-none-eabi/14.2.0/../../../../arm-none-eabi/lib/armv6k/fpu\libg.a(libc_a-mlock.o)
                0x0010bd6c                __malloc_unlock
 .text.__call_exitprocs
                0x0010bd78        0x4 C:/devkitPro/devkitARM/bin/../lib/gcc/arm-none-eabi/14.2.0/../../../../arm-none-eabi/lib/armv6k/fpu\libg.a(libc_a-exit.o)
                0x0010bd78                __call_exitprocs
 .text.exit     0x0010bd7c       0x30 C:/devkitPro/devkitARM/bin/../lib/gcc/arm-none-eabi/14.2.0/../../../../arm-none-eabi/lib/armv6k/fpu\libg.a(libc_a-exit.o)
                0x0010bd7c                exit
 .text.strncpy  0x0010bdac       0xc4 C:/devkitPro/devkitARM/bin/../lib/gcc/arm-none-eabi/14.2.0/../../../../arm-none-eabi/lib/armv6k/fpu\libg.a(libc_a-strncpy.o)
                0x0010bdac                strncpy
 .text.__libc_init_array
                0x0010be70       0x84 C:/devkitPro/devkitARM/bin/../lib/gcc/arm-none-eabi/14.2.0/../../../../arm-none-eabi/lib/armv6k/fpu\libg.a(libc_a-init.o)
                0x0010be70                __libc_init_array
 .text.__sflush_r
                0x0010bef4      0x228 C:/devkitPro/devkitARM/bin/../lib/gcc/arm-none-eabi/14.2.0/../../../../arm-none-eabi/lib/armv6k/fpu\libg.a(libc_a-fflush.o)
                0x0010bef4                __sflush_r
 .text._fflush_r
                0x0010c11c       0x94 C:/devkitPro/devkitARM/bin/../lib/gcc/arm-none-eabi/14.2.0/../../../../arm-none-eabi/lib/armv6k/fpu\libg.a(libc_a-fflush.o)
                0x0010c11c                _fflush_r
 .text.__sfvwrite_r
                0x0010c1b0      0x480 C:/devkitPro/devkitARM/bin/../lib/gcc/arm-none-eabi/14.2.0/../../../../arm-none-eabi/lib/armv6k/fpu\libg.a(libc_a-fvwrite.o)
                0x0010c1b0                __sfvwrite_r
 .text._memalign_r
                0x0010c630      0x150 C:/devkitPro/devkitARM/bin/../lib/gcc/arm-none-eabi/14.2.0/../../../../arm-none-eabi/lib/armv6k/fpu\libg.a(libc_a-malignr.o)
                0x0010c630                _memalign_r
 .text.memchr   0x0010c780       0xe0 C:/devkitPro/devkitARM/bin/../lib/gcc/arm-none-eabi/14.2.0/../../../../arm-none-eabi/lib/armv6k/fpu\libg.a(libc_a-memchr-stub.o)
                0x0010c780                memchr
 .text.__libc_fini_array
                0x0010c860       0x3c C:/devkitPro/devkitARM/bin/../lib/gcc/arm-none-eabi/14.2.0/../../../../arm-none-eabi/lib/armv6k/fpu\libg.a(libc_a-fini.o)
                0x0010c860                __libc_fini_array
 .text.__sread  0x0010c89c       0x44 C:/devkitPro/devkitARM/bin/../lib/gcc/arm-none-eabi/14.2.0/../../../../arm-none-eabi/lib/armv6k/fpu\libg.a(libc_a-stdio.o)
                0x0010c89c                __sread
 .text.__swrite
                0x0010c8e0       0x68 C:/devkitPro/devkitARM/bin/../lib/gcc/arm-none-eabi/14.2.0/../../../../arm-none-eabi/lib/armv6k/fpu\libg.a(libc_a-stdio.o)
                0x0010c8e0                __swrite
 .text.__sseek  0x0010c948       0x40 C:/devkitPro/devkitARM/bin/../lib/gcc/arm-none-eabi/14.2.0/../../../../arm-none-eabi/lib/armv6k/fpu\libg.a(libc_a-stdio.o)
                0x0010c948                __sseek
 .text.__sclose
                0x0010c988        0x8 C:/devkitPro/devkitARM/bin/../lib/gcc/arm-none-eabi/14.2.0/../../../../arm-none-eabi/lib/armv6k/fpu\libg.a(libc_a-stdio.o)
                0x0010c988                __sclose
 .text._fclose_r
                0x0010c990      0x148 C:/devkitPro/devkitARM/bin/../lib/gcc/arm-none-eabi/14.2.0/../../../../arm-none-eabi/lib/armv6k/fpu\libg.a(libc_a-fclose.o)
                0x0010c990                _fclose_r
 .text.get_arg  0x0010cad8      0x5e4 C:/devkitPro/devkitARM/bin/../lib/gcc/arm-none-eabi/14.2.0/../../../../arm-none-eabi/lib/armv6k/fpu\libg.a(libc_a-vfprintf.o)
 *fill*         0x0010d0bc        0x4 
 .text._vfprintf_r
                0x0010d0c0     0x342c C:/devkitPro/devkitARM/bin/../lib/gcc/arm-none-eabi/14.2.0/../../../../arm-none-eabi/lib/armv6k/fpu\libg.a(libc_a-vfprintf.o)
                0x0010d0c0                _vfprintf_r
 .text.__sbprintf
                0x001104ec       0xb8 C:/devkitPro/devkitARM/bin/../lib/gcc/arm-none-eabi/14.2.0/../../../../arm-none-eabi/lib/armv6k/fpu\libg.a(libc_a-vfprintf.o)
 .text.__smakebuf_r
                0x001105a4      0x144 C:/devkitPro/devkitARM/bin/../lib/gcc/arm-none-eabi/14.2.0/../../../../arm-none-eabi/lib/armv6k/fpu\libg.a(libc_a-makebuf.o)
                0x001105a4                __smakebuf_r
 .text.__swhatbuf_r
                0x001106e8       0x8c C:/devkitPro/devkitARM/bin/../lib/gcc/arm-none-eabi/14.2.0/../../../../arm-none-eabi/lib/armv6k/fpu\libg.a(libc_a-makebuf.o)
                0x001106e8                __swhatbuf_r
 .text.quorem   0x00110774      0x1b4 C:/devkitPro/devkitARM/bin/../lib/gcc/arm-none-eabi/14.2.0/../../../../arm-none-eabi/lib/armv6k/fpu\libg.a(libc_a-dtoa.o)
 .text._dtoa_r  0x00110928     0x1370 C:/devkitPro/devkitARM/bin/../lib/gcc/arm-none-eabi/14.2.0/../../../../arm-none-eabi/lib/armv6k/fpu\libg.a(libc_a-dtoa.o)
                0x00110928                _dtoa_r
 .text._wcrtomb_r
                0x00111c98       0xa0 C:/devkitPro/devkitARM/bin/../lib/gcc/arm-none-eabi/14.2.0/../../../../arm-none-eabi/lib/armv6k/fpu\libg.a(libc_a-wcrtomb.o)
                0x00111c98                _wcrtomb_r
 .text._realloc_r
                0x00111d38      0x4a4 C:/devkitPro/devkitARM/bin/../lib/gcc/arm-none-eabi/14.2.0/../../../../arm-none-eabi/lib/armv6k/fpu\libg.a(libc_a-reallocr.o)
                0x00111d38                _realloc_r
 .text._wcsrtombs_r
                0x001121dc       0x28 C:/devkitPro/devkitARM/bin/../lib/gcc/arm-none-eabi/14.2.0/../../../../arm-none-eabi/lib/armv6k/fpu\libg.a(libc_a-wcsrtombs.o)
                0x001121dc                _wcsrtombs_r
 .text.__swsetup_r
                0x00112204      0x194 C:/devkitPro/devkitARM/bin/../lib/gcc/arm-none-eabi/14.2.0/../../../../arm-none-eabi/lib/armv6k/fpu\libg.a(libc_a-wsetup.o)
                0x00112204                __swsetup_r
 .text.frexp    0x00112398       0x88 C:/devkitPro/devkitARM/bin/../lib/gcc/arm-none-eabi/14.2.0/../../../../arm-none-eabi/lib/armv6k/fpu\libg.a(libm_a-s_frexp.o)
                0x00112398                frexp
 .text.memmove  0x00112420      0x160 C:/devkitPro/devkitARM/bin/../lib/gcc/arm-none-eabi/14.2.0/../../../../arm-none-eabi/lib/armv6k/fpu\libg.a(libc_a-memmove.o)
                0x00112420                memmove
 .text.__assert_func
                0x00112580       0x5c C:/devkitPro/devkitARM/bin/../lib/gcc/arm-none-eabi/14.2.0/../../../../arm-none-eabi/lib/armv6k/fpu\libg.a(libc_a-assert.o)
                0x00112580                __assert_func
 .text._Balloc  0x001125dc       0x88 C:/devkitPro/devkitARM/bin/../lib/gcc/arm-none-eabi/14.2.0/../../../../arm-none-eabi/lib/armv6k/fpu\libg.a(libc_a-mprec.o)
                0x001125dc                _Balloc
 .text._Bfree   0x00112664       0x1c C:/devkitPro/devkitARM/bin/../lib/gcc/arm-none-eabi/14.2.0/../../../../arm-none-eabi/lib/armv6k/fpu\libg.a(libc_a-mprec.o)
                0x00112664                _Bfree
 .text.__multadd
                0x00112680       0xf4 C:/devkitPro/devkitARM/bin/../lib/gcc/arm-none-eabi/14.2.0/../../../../arm-none-eabi/lib/armv6k/fpu\libg.a(libc_a-mprec.o)
                0x00112680                __multadd
 .text.__hi0bits
                0x00112774       0x80 C:/devkitPro/devkitARM/bin/../lib/gcc/arm-none-eabi/14.2.0/../../../../arm-none-eabi/lib/armv6k/fpu\libg.a(libc_a-mprec.o)
                0x00112774                __hi0bits
 .text.__lo0bits
                0x001127f4       0xf4 C:/devkitPro/devkitARM/bin/../lib/gcc/arm-none-eabi/14.2.0/../../../../arm-none-eabi/lib/armv6k/fpu\libg.a(libc_a-mprec.o)
                0x001127f4                __lo0bits
 .text.__i2b    0x001128e8       0xa4 C:/devkitPro/devkitARM/bin/../lib/gcc/arm-none-eabi/14.2.0/../../../../arm-none-eabi/lib/armv6k/fpu\libg.a(libc_a-mprec.o)
                0x001128e8                __i2b
 .text.__multiply
                0x0011298c      0x208 C:/devkitPro/devkitARM/bin/../lib/gcc/arm-none-eabi/14.2.0/../../../../arm-none-eabi/lib/armv6k/fpu\libg.a(libc_a-mprec.o)
                0x0011298c                __multiply
 .text.__pow5mult
                0x00112b94      0x130 C:/devkitPro/devkitARM/bin/../lib/gcc/arm-none-eabi/14.2.0/../../../../arm-none-eabi/lib/armv6k/fpu\libg.a(libc_a-mprec.o)
                0x00112b94                __pow5mult
 .text.__lshift
                0x00112cc4      0x138 C:/devkitPro/devkitARM/bin/../lib/gcc/arm-none-eabi/14.2.0/../../../../arm-none-eabi/lib/armv6k/fpu\libg.a(libc_a-mprec.o)
                0x00112cc4                __lshift
 .text.__mcmp   0x00112dfc       0x58 C:/devkitPro/devkitARM/bin/../lib/gcc/arm-none-eabi/14.2.0/../../../../arm-none-eabi/lib/armv6k/fpu\libg.a(libc_a-mprec.o)
                0x00112dfc                __mcmp
 .text.__mdiff  0x00112e54      0x1f0 C:/devkitPro/devkitARM/bin/../lib/gcc/arm-none-eabi/14.2.0/../../../../arm-none-eabi/lib/armv6k/fpu\libg.a(libc_a-mprec.o)
                0x00112e54                __mdiff
 .text.__d2b    0x00113044      0x120 C:/devkitPro/devkitARM/bin/../lib/gcc/arm-none-eabi/14.2.0/../../../../arm-none-eabi/lib/armv6k/fpu\libg.a(libc_a-mprec.o)
                0x00113044                __d2b
 .text.__locale_mb_cur_max
                0x00113164       0x24 C:/devkitPro/devkitARM/bin/../lib/gcc/arm-none-eabi/14.2.0/../../../../arm-none-eabi/lib/armv6k/fpu\libg.a(libc_a-locale.o)
                0x00113164                __locale_mb_cur_max
 .text.fiprintf
                0x00113188       0x3c C:/devkitPro/devkitARM/bin/../lib/gcc/arm-none-eabi/14.2.0/../../../../arm-none-eabi/lib/armv6k/fpu\libg.a(libc_a-fiprintf.o)
                0x00113188                fiprintf
 .text._wcsnrtombs_l
                0x001131c4      0x160 C:/devkitPro/devkitARM/bin/../lib/gcc/arm-none-eabi/14.2.0/../../../../arm-none-eabi/lib/armv6k/fpu\libg.a(libc_a-wcsnrtombs.o)
                0x001131c4                _wcsnrtombs_l
 .text._wcsnrtombs_r
                0x00113324       0x64 C:/devkitPro/devkitARM/bin/../lib/gcc/arm-none-eabi/14.2.0/../../../../arm-none-eabi/lib/armv6k/fpu\libg.a(libc_a-wcsnrtombs.o)
                0x00113324                _wcsnrtombs_r
 .text.__utf8_mbtowc
                0x00113388      0x324 C:/devkitPro/devkitARM/bin/../lib/gcc/arm-none-eabi/14.2.0/../../../../arm-none-eabi/lib/armv6k/fpu\libg.a(libc_a-mbtowc_r.o)
                0x00113388                __utf8_mbtowc
 .text.__sprint_r
                0x001136ac       0x30 C:/devkitPro/devkitARM/bin/../lib/gcc/arm-none-eabi/14.2.0/../../../../arm-none-eabi/lib/armv6k/fpu\libg.a(libc_a-sprint_r.o)
                0x001136ac                __sprint_r
 .text.abort    0x001136dc       0x14 C:/devkitPro/devkitARM/bin/../lib/gcc/arm-none-eabi/14.2.0/../../../../arm-none-eabi/lib/armv6k/fpu\libg.a(libc_a-abort.o)
                0x001136dc                abort
 .text._localeconv_r
                0x001136f0       0x24 C:/devkitPro/devkitARM/bin/../lib/gcc/arm-none-eabi/14.2.0/../../../../arm-none-eabi/lib/armv6k/fpu\libg.a(libc_a-localeconv.o)
                0x001136f0                _localeconv_r
 .text._calloc_r
                0x00113714       0xc0 C:/devkitPro/devkitARM/bin/../lib/gcc/arm-none-eabi/14.2.0/../../../../arm-none-eabi/lib/armv6k/fpu\libg.a(libc_a-callocr.o)
                0x00113714                _calloc_r
 .text.__utf8_wctomb
                0x001137d4       0xf0 C:/devkitPro/devkitARM/bin/../lib/gcc/arm-none-eabi/14.2.0/../../../../arm-none-eabi/lib/armv6k/fpu\libg.a(libc_a-wctomb_r.o)
                0x001137d4                __utf8_wctomb
 .text.strchr   0x001138c4      0x130 C:/devkitPro/devkitARM/bin/../lib/gcc/arm-none-eabi/14.2.0/../../../../arm-none-eabi/lib/armv6k/fpu\libg.a(libc_a-strchr.o)
                0x001138c4                strchr
 .text._raise_r
                0x001139f4       0x90 C:/devkitPro/devkitARM/bin/../lib/gcc/arm-none-eabi/14.2.0/../../../../arm-none-eabi/lib/armv6k/fpu\libg.a(libc_a-signal.o)
                0x001139f4                _raise_r
 .text.raise    0x00113a84       0x18 C:/devkitPro/devkitARM/bin/../lib/gcc/arm-none-eabi/14.2.0/../../../../arm-none-eabi/lib/armv6k/fpu\libg.a(libc_a-signal.o)
                0x00113a84                raise
 .text.get_arg  0x00113a9c      0x5e4 C:/devkitPro/devkitARM/bin/../lib/gcc/arm-none-eabi/14.2.0/../../../../arm-none-eabi/lib/armv6k/fpu\libg.a(libc_a-vfiprintf.o)
 .text._vfiprintf_r
                0x00114080     0x2264 C:/devkitPro/devkitARM/bin/../lib/gcc/arm-none-eabi/14.2.0/../../../../arm-none-eabi/lib/armv6k/fpu\libg.a(libc_a-vfiprintf.o)
                0x00114080                _vfiprintf_r
 .text.__sbprintf
                0x001162e4       0xb8 C:/devkitPro/devkitARM/bin/../lib/gcc/arm-none-eabi/14.2.0/../../../../arm-none-eabi/lib/armv6k/fpu\libg.a(libc_a-vfiprintf.o)
 .text._exit    0x0011639c       0x20 C:/devkitPro/devkitARM/bin/../lib/gcc/arm-none-eabi/14.2.0/../../../../arm-none-eabi/lib/armv6k/fpu\libsysbase.a(libsysbase_libsysbase_a-_exit.o)
                0x0011639c                _exit
 .text.chdir    0x001163bc      0x13c C:/devkitPro/devkitARM/bin/../lib/gcc/arm-none-eabi/14.2.0/../../../../arm-none-eabi/lib/armv6k/fpu\libsysbase.a(libsysbase_libsysbase_a-chdir.o)
                0x001163bc                chdir
 .text._concatenate_path
                0x001164f8      0x1cc C:/devkitPro/devkitARM/bin/../lib/gcc/arm-none-eabi/14.2.0/../../../../arm-none-eabi/lib/armv6k/fpu\libsysbase.a(libsysbase_libsysbase_a-concatenate.o)
                0x001164f8                _concatenate_path
 .text._fstat_r
                0x001166c4       0x88 C:/devkitPro/devkitARM/bin/../lib/gcc/arm-none-eabi/14.2.0/../../../../arm-none-eabi/lib/armv6k/fpu\libsysbase.a(libsysbase_libsysbase_a-fstat.o)
                0x001166c4                _fstat_r
 .text._getpid_r
                0x0011674c       0x14 C:/devkitPro/devkitARM/bin/../lib/gcc/arm-none-eabi/14.2.0/../../../../arm-none-eabi/lib/armv6k/fpu\libsysbase.a(libsysbase_libsysbase_a-getpid.o)
                0x0011674c                _getpid_r
 .text.__getreent
                0x00116760       0x2c C:/devkitPro/devkitARM/bin/../lib/gcc/arm-none-eabi/14.2.0/../../../../arm-none-eabi/lib/armv6k/fpu\libsysbase.a(libsysbase_libsysbase_a-getreent.o)
                0x00116760                __getreent
 .text.__get_handle
                0x0011678c       0x3c C:/devkitPro/devkitARM/bin/../lib/gcc/arm-none-eabi/14.2.0/../../../../arm-none-eabi/lib/armv6k/fpu\libsysbase.a(libsysbase_libsysbase_a-handle_manager.o)
                0x0011678c                __get_handle
 .text._close_r
                0x001167c8       0xf4 C:/devkitPro/devkitARM/bin/../lib/gcc/arm-none-eabi/14.2.0/../../../../arm-none-eabi/lib/armv6k/fpu\libsysbase.a(libsysbase_libsysbase_a-handle_manager.o)
                0x001167c8                _close_r
 .text.null_write
                0x001168bc        0x8 C:/devkitPro/devkitARM/bin/../lib/gcc/arm-none-eabi/14.2.0/../../../../arm-none-eabi/lib/armv6k/fpu\libsysbase.a(libsysbase_libsysbase_a-iosupport.o)
 .text.setDefaultDevice
                0x001168c4       0x18 C:/devkitPro/devkitARM/bin/../lib/gcc/arm-none-eabi/14.2.0/../../../../arm-none-eabi/lib/armv6k/fpu\libsysbase.a(libsysbase_libsysbase_a-iosupport.o)
                0x001168c4                setDefaultDevice
 .text.FindDevice
                0x001168dc       0xc8 C:/devkitPro/devkitARM/bin/../lib/gcc/arm-none-eabi/14.2.0/../../../../arm-none-eabi/lib/armv6k/fpu\libsysbase.a(libsysbase_libsysbase_a-iosupport.o)
                0x001168dc                FindDevice
 .text.RemoveDevice
                0x001169a4       0x28 C:/devkitPro/devkitARM/bin/../lib/gcc/arm-none-eabi/14.2.0/../../../../arm-none-eabi/lib/armv6k/fpu\libsysbase.a(libsysbase_libsysbase_a-iosupport.o)
                0x001169a4                RemoveDevice
 .text.AddDevice
                0x001169cc       0x98 C:/devkitPro/devkitARM/bin/../lib/gcc/arm-none-eabi/14.2.0/../../../../arm-none-eabi/lib/armv6k/fpu\libsysbase.a(libsysbase_libsysbase_a-iosupport.o)
                0x001169cc                AddDevice
 .text.GetDeviceOpTab
                0x00116a64       0x20 C:/devkitPro/devkitARM/bin/../lib/gcc/arm-none-eabi/14.2.0/../../../../arm-none-eabi/lib/armv6k/fpu\libsysbase.a(libsysbase_libsysbase_a-iosupport.o)
                0x00116a64                GetDeviceOpTab
 .text._isatty_r
                0x00116a84        0x8 C:/devkitPro/devkitARM/bin/../lib/gcc/arm-none-eabi/14.2.0/../../../../arm-none-eabi/lib/armv6k/fpu\libsysbase.a(libsysbase_libsysbase_a-isatty.o)
                0x00116a84                _isatty_r
 .text._kill_r  0x00116a8c       0x14 C:/devkitPro/devkitARM/bin/../lib/gcc/arm-none-eabi/14.2.0/../../../../arm-none-eabi/lib/armv6k/fpu\libsysbase.a(libsysbase_libsysbase_a-kill.o)
                0x00116a8c                _kill_r
 .text._lseek_r
                0x00116aa0       0x8c C:/devkitPro/devkitARM/bin/../lib/gcc/arm-none-eabi/14.2.0/../../../../arm-none-eabi/lib/armv6k/fpu\libsysbase.a(libsysbase_libsysbase_a-lseek.o)
                0x00116aa0                _lseek_r
 .text._read_r  0x00116b2c       0x88 C:/devkitPro/devkitARM/bin/../lib/gcc/arm-none-eabi/14.2.0/../../../../arm-none-eabi/lib/armv6k/fpu\libsysbase.a(libsysbase_libsysbase_a-read.o)
                0x00116b2c                _read_r
 .text._sbrk_r  0x00116bb4       0x78 C:/devkitPro/devkitARM/bin/../lib/gcc/arm-none-eabi/14.2.0/../../../../arm-none-eabi/lib/armv6k/fpu\libsysbase.a(libsysbase_libsysbase_a-sbrk.o)
                0x00116bb4                _sbrk_r
 .text.__libc_lock_acquire
                0x00116c2c       0x1c C:/devkitPro/devkitARM/bin/../lib/gcc/arm-none-eabi/14.2.0/../../../../arm-none-eabi/lib/armv6k/fpu\libsysbase.a(libsysbase_libsysbase_a-syscall_support.o)
                0x00116c2c                __libc_lock_acquire
 .text.__libc_lock_release
                0x00116c48       0x1c C:/devkitPro/devkitARM/bin/../lib/gcc/arm-none-eabi/14.2.0/../../../../arm-none-eabi/lib/armv6k/fpu\libsysbase.a(libsysbase_libsysbase_a-syscall_support.o)
                0x00116c48                __libc_lock_release
 .text.__libc_lock_acquire_recursive
                0x00116c64       0x1c C:/devkitPro/devkitARM/bin/../lib/gcc/arm-none-eabi/14.2.0/../../../../arm-none-eabi/lib/armv6k/fpu\libsysbase.a(libsysbase_libsysbase_a-syscall_support.o)
                0x00116c64                __libc_lock_acquire_recursive
 .text.__libc_lock_release_recursive
                0x00116c80       0x1c C:/devkitPro/devkitARM/bin/../lib/gcc/arm-none-eabi/14.2.0/../../../../arm-none-eabi/lib/armv6k/fpu\libsysbase.a(libsysbase_libsysbase_a-syscall_support.o)
                0x00116c80                __libc_lock_release_recursive
 .text._write_r
                0x00116c9c       0x88 C:/devkitPro/devkitARM/bin/../lib/gcc/arm-none-eabi/14.2.0/../../../../arm-none-eabi/lib/armv6k/fpu\libsysbase.a(libsysbase_libsysbase_a-write.o)
                0x00116c9c                _write_r
 .text.strrchr  0x00116d24       0x48 C:/devkitPro/devkitARM/bin/../lib/gcc/arm-none-eabi/14.2.0/../../../../arm-none-eabi/lib/armv6k/fpu\libg.a(libc_a-strrchr.o)
                0x00116d24                strrchr
 *(.glue_7)
 .glue_7        0x00116d6c        0x0 linker stubs
 *(.glue_7t)
 .glue_7t       0x00116d6c        0x0 linker stubs
 *(.stub)
 *(.gnu.warning)
 *(.gnu.linkonce.t*)
                0x00116d6c                        . = ALIGN (0x4)
 *(.fini)
 .fini          0x00116d6c        0xc C:/devkitPro/devkitARM/bin/../lib/gcc/arm-none-eabi/14.2.0/armv6k/fpu/crti.o
                0x00116d6c                _fini
 .fini          0x00116d78        0xc C:/devkitPro/devkitARM/bin/../lib/gcc/arm-none-eabi/14.2.0/armv6k/fpu/crtn.o
                0x00116d84                        . = ALIGN (0x4)

.vfp11_veneer   0x00116d84        0x0
 .vfp11_veneer  0x00116d84        0x0 linker stubs

.v4_bx          0x00116d84        0x0
 .v4_bx         0x00116d84        0x0 linker stubs

.iplt           0x00116d84        0x0
 .iplt          0x00116d84        0x0 C:/devkitPro/devkitARM/bin/../lib/gcc/arm-none-eabi/14.2.0/../../../../arm-none-eabi/lib/armv6k/fpu/3dsx_crt0.o
                0x00117000                        . = ALIGN (0x1000)

.rodata         0x00117000     0x1340
 *(.rodata)
 .rodata        0x00117000        0xc C:/devkitPro/libctru/lib\libctru.a(archive_dev.o)
 *(.roda)
 *(.rodata.*)
 .rodata.str1.4
                0x0011700c      0x210 main.o
                                 0x35 (size before relaxing)
 .rodata.consoleHandleColorEsc
                0x0011721c       0x6c C:/devkitPro/libctru/lib\libctru.a(console.o)
 .rodata.consolePrintChar
                0x00117288        0x6 C:/devkitPro/libctru/lib\libctru.a(console.o)
 .rodata.con_write
                0x0011728e       0x46 C:/devkitPro/libctru/lib\libctru.a(console.o)
 .rodata.str1.4
                0x001172d4       0x10 C:/devkitPro/libctru/lib\libctru.a(console.o)
 .rodata.dotab_stdout
                0x001172d4       0x80 C:/devkitPro/libctru/lib\libctru.a(console.o)
 .rodata.grayScale
                0x00117354       0x18 C:/devkitPro/libctru/lib\libctru.a(console.o)
 .rodata.colorCube
                0x0011736c        0x6 C:/devkitPro/libctru/lib\libctru.a(console.o)
 *fill*         0x00117372        0x2 
 .rodata.colorTable
                0x00117374       0x30 C:/devkitPro/libctru/lib\libctru.a(console.o)
 .rodata.aptSendCommand.str1.4
                0x001173a4       0x16 C:/devkitPro/libctru/lib\libctru.a(apt.o)
 .rodata.aptEventHandler
                0x001173a4        0xb C:/devkitPro/libctru/lib\libctru.a(apt.o)
 .rodata.aptWaitForWakeUp.isra.0
                0x001173af       0x11 C:/devkitPro/libctru/lib\libctru.a(apt.o)
 .rodata.morton_y.2
                0x001173c0        0x8 C:/devkitPro/libctru/lib\libctru.a(apt.o)
 .rodata.morton_x.3
                0x001173c8        0x8 C:/devkitPro/libctru/lib\libctru.a(apt.o)
 .rodata.s_sleepWakeEvents.4
                0x001173d0        0x8 C:/devkitPro/libctru/lib\libctru.a(apt.o)
 .rodata.gspInit.str1.4
                0x001173d8        0x9 C:/devkitPro/libctru/lib\libctru.a(gspgpu.o)
 .rodata.hidInit.str1.4
                0x001173d8       0x15 C:/devkitPro/libctru/lib\libctru.a(hid.o)
 .rodata.irrstInit.str1.4
                0x001173d8        0x7 C:/devkitPro/libctru/lib\libctru.a(irrst.o)
 .rodata.__system_initArgv.str1.4
                0x001173d8        0xa C:/devkitPro/libctru/lib\libctru.a(initArgv.o)
 .rodata.default_font_bin
                0x001173d8      0x800 C:/devkitPro/libctru/lib\libctru.a(default_font.bin.o)
                0x001173d8                default_font_bin
                0x00117bd8                default_font_bin_end
 .rodata.srvInit.str1.4
                0x00117bd8        0x5 C:/devkitPro/libctru/lib\libctru.a(srv.o)
 .rodata.ptmSysmInit.str1.4
                0x00117bd8        0x9 C:/devkitPro/libctru/lib\libctru.a(ptmsysm.o)
 .rodata.archive_utf16path.str1.4
                0x00117bd8        0x2 C:/devkitPro/libctru/lib\libctru.a(archive_dev.o)
 .rodata._archiveUnmountDeviceStruct.part.0.str1.4
                0x00117bd8        0x2 C:/devkitPro/libctru/lib\libctru.a(archive_dev.o)
 .rodata._archiveMountDevice.str1.4
                0x00117bd8        0xc C:/devkitPro/libctru/lib\libctru.a(archive_dev.o)
 .rodata.archiveMountSdmc.str1.4
                0x00117bd8        0x5 C:/devkitPro/libctru/lib\libctru.a(archive_dev.o)
 .rodata.error_table
                0x00117bd8       0x30 C:/devkitPro/libctru/lib\libctru.a(archive_dev.o)
 .rodata.str1.4
                0x00117c08        0x8 C:/devkitPro/libctru/lib\libctru.a(archive_dev.o)
 .rodata.archive_devoptab
                0x00117c08       0x80 C:/devkitPro/libctru/lib\libctru.a(archive_dev.o)
 .rodata.fsInit.str1.4
                0x00117c88        0x8 C:/devkitPro/libctru/lib\libctru.a(fs.o)
 .rodata._ctype_
                0x00117c88      0x101 C:/devkitPro/devkitARM/bin/../lib/gcc/arm-none-eabi/14.2.0/../../../../arm-none-eabi/lib/armv6k/fpu\libg.a(libc_a-ctype_.o)
                0x00117c88                _ctype_
 .rodata._puts_r.str1.4
                0x00117d89        0x2 C:/devkitPro/devkitARM/bin/../lib/gcc/arm-none-eabi/14.2.0/../../../../arm-none-eabi/lib/armv6k/fpu\libg.a(libc_a-puts.o)
 *fill*         0x00117d89        0x1 
 .rodata.get_arg
                0x00117d8a       0x34 C:/devkitPro/devkitARM/bin/../lib/gcc/arm-none-eabi/14.2.0/../../../../arm-none-eabi/lib/armv6k/fpu\libg.a(libc_a-vfprintf.o)
 .rodata._vfprintf_r.str1.1
                0x00117dbe       0x3b C:/devkitPro/devkitARM/bin/../lib/gcc/arm-none-eabi/14.2.0/../../../../arm-none-eabi/lib/armv6k/fpu\libg.a(libc_a-vfprintf.o)
 *fill*         0x00117df9        0x1 
 .rodata._vfprintf_r
                0x00117dfa       0xb6 C:/devkitPro/devkitARM/bin/../lib/gcc/arm-none-eabi/14.2.0/../../../../arm-none-eabi/lib/armv6k/fpu\libg.a(libc_a-vfprintf.o)
 .rodata.zeroes.0
                0x00117eb0       0x10 C:/devkitPro/devkitARM/bin/../lib/gcc/arm-none-eabi/14.2.0/../../../../arm-none-eabi/lib/armv6k/fpu\libg.a(libc_a-vfprintf.o)
 .rodata.blanks.1
                0x00117ec0       0x10 C:/devkitPro/devkitARM/bin/../lib/gcc/arm-none-eabi/14.2.0/../../../../arm-none-eabi/lib/armv6k/fpu\libg.a(libc_a-vfprintf.o)
 .rodata._dtoa_r.str1.4
                0x00117ed0       0x6a C:/devkitPro/devkitARM/bin/../lib/gcc/arm-none-eabi/14.2.0/../../../../arm-none-eabi/lib/armv6k/fpu\libg.a(libc_a-dtoa.o)
 .rodata._dtoa_r
                0x00117ed0        0x8 C:/devkitPro/devkitARM/bin/../lib/gcc/arm-none-eabi/14.2.0/../../../../arm-none-eabi/lib/armv6k/fpu\libg.a(libc_a-dtoa.o)
 .rodata.__action_table
                0x00117ed8       0x6c C:/devkitPro/devkitARM/bin/../lib/gcc/arm-none-eabi/14.2.0/../../../../arm-none-eabi/lib/armv6k/fpu\libg.a(libc_a-svfiprintf.o)
                0x00117ed8                __action_table
 .rodata.__state_table
                0x00117f44       0x6c C:/devkitPro/devkitARM/bin/../lib/gcc/arm-none-eabi/14.2.0/../../../../arm-none-eabi/lib/armv6k/fpu\libg.a(libc_a-svfiprintf.o)
                0x00117f44                __state_table
 .rodata.__chclass
                0x00117fb0      0x100 C:/devkitPro/devkitARM/bin/../lib/gcc/arm-none-eabi/14.2.0/../../../../arm-none-eabi/lib/armv6k/fpu\libg.a(libc_a-svfiprintf.o)
                0x00117fb0                __chclass
 .rodata.__assert_func.str1.4
                0x001180b0       0x43 C:/devkitPro/devkitARM/bin/../lib/gcc/arm-none-eabi/14.2.0/../../../../arm-none-eabi/lib/armv6k/fpu\libg.a(libc_a-assert.o)
 .rodata.__multadd.str1.4
                0x001180b0       0x57 C:/devkitPro/devkitARM/bin/../lib/gcc/arm-none-eabi/14.2.0/../../../../arm-none-eabi/lib/armv6k/fpu\libg.a(libc_a-mprec.o)
 .rodata.p05.0  0x001180b0        0xc C:/devkitPro/devkitARM/bin/../lib/gcc/arm-none-eabi/14.2.0/../../../../arm-none-eabi/lib/armv6k/fpu\libg.a(libc_a-mprec.o)
 *fill*         0x001180bc        0x4 
 .rodata.__mprec_bigtens
                0x001180c0       0x28 C:/devkitPro/devkitARM/bin/../lib/gcc/arm-none-eabi/14.2.0/../../../../arm-none-eabi/lib/armv6k/fpu\libg.a(libc_a-mprec.o)
                0x001180c0                __mprec_bigtens
 .rodata.__mprec_tens
                0x001180e8       0xc8 C:/devkitPro/devkitARM/bin/../lib/gcc/arm-none-eabi/14.2.0/../../../../arm-none-eabi/lib/armv6k/fpu\libg.a(libc_a-mprec.o)
                0x001180e8                __mprec_tens
 .rodata.str1.4
                0x001181b0       0x4c C:/devkitPro/devkitARM/bin/../lib/gcc/arm-none-eabi/14.2.0/../../../../arm-none-eabi/lib/armv6k/fpu\libg.a(libc_a-locale.o)
 .rodata.get_arg
                0x001181b0       0x34 C:/devkitPro/devkitARM/bin/../lib/gcc/arm-none-eabi/14.2.0/../../../../arm-none-eabi/lib/armv6k/fpu\libg.a(libc_a-vfiprintf.o)
 .rodata._vfiprintf_r.str1.1
                0x001181e4       0x29 C:/devkitPro/devkitARM/bin/../lib/gcc/arm-none-eabi/14.2.0/../../../../arm-none-eabi/lib/armv6k/fpu\libg.a(libc_a-vfiprintf.o)
 .rodata._vfiprintf_r
                0x001181e4       0xb6 C:/devkitPro/devkitARM/bin/../lib/gcc/arm-none-eabi/14.2.0/../../../../arm-none-eabi/lib/armv6k/fpu\libg.a(libc_a-vfiprintf.o)
 *fill*         0x0011829a        0x2 
 .rodata.zeroes.0
                0x0011829c       0x10 C:/devkitPro/devkitARM/bin/../lib/gcc/arm-none-eabi/14.2.0/../../../../arm-none-eabi/lib/armv6k/fpu\libg.a(libc_a-vfiprintf.o)
 .rodata.blanks.1
                0x001182ac       0x10 C:/devkitPro/devkitARM/bin/../lib/gcc/arm-none-eabi/14.2.0/../../../../arm-none-eabi/lib/armv6k/fpu\libg.a(libc_a-vfiprintf.o)
 .rodata.AddDevice.str1.4
                0x001182bc        0x8 C:/devkitPro/devkitARM/bin/../lib/gcc/arm-none-eabi/14.2.0/../../../../arm-none-eabi/lib/armv6k/fpu\libsysbase.a(libsysbase_libsysbase_a-iosupport.o)
 .rodata.dotab_stdnull
                0x001182bc       0x80 C:/devkitPro/devkitARM/bin/../lib/gcc/arm-none-eabi/14.2.0/../../../../arm-none-eabi/lib/armv6k/fpu\libsysbase.a(libsysbase_libsysbase_a-iosupport.o)
                0x001182bc                dotab_stdnull
 *all.rodata*(*)
 *(.gnu.linkonce.r*)
                0x0011833c                        . = ALIGN (0x4)
                0x0011833c                        __tdata_align = .
                0x0011833c        0x4 LONG 0x4 ALIGNOF (.tdata)
                0x00118340                        . = ALIGN (0x4)

.eh_frame       0x00118340        0x0
 .eh_frame      0x00118340        0x0 C:/devkitPro/devkitARM/bin/../lib/gcc/arm-none-eabi/14.2.0/armv6k/fpu/crtbegin.o

.rel.dyn        0x00118340        0x0
 .rel.iplt      0x00118340        0x0 C:/devkitPro/devkitARM/bin/../lib/gcc/arm-none-eabi/14.2.0/../../../../arm-none-eabi/lib/armv6k/fpu/3dsx_crt0.o
 .rel.got       0x00118340        0x0 C:/devkitPro/devkitARM/bin/../lib/gcc/arm-none-eabi/14.2.0/../../../../arm-none-eabi/lib/armv6k/fpu/3dsx_crt0.o

.ARM.extab
 *(.ARM.extab* .gnu.linkonce.armextab.*)
                0x00118340                        __exidx_start = .

.ARM.exidx
 *(.ARM.exidx* .gnu.linkonce.armexidx.*)
                0x00118340                        __exidx_end = .
                0x00119000                        . = ALIGN (0x1000)

.data           0x00119000     0x1bcc
 *(.data)
 *(.data.*)
 .data.firstConsoleInit.0
                0x00119000        0x1 C:/devkitPro/libctru/lib\libctru.a(console.o)
 *fill*         0x00119001        0x3 
 .data.currentConsole
                0x00119004        0x4 C:/devkitPro/libctru/lib\libctru.a(console.o)
                0x00119004                currentConsole
 .data.defaultConsole
                0x00119008       0x48 C:/devkitPro/libctru/lib\libctru.a(console.o)
                0x00119008                defaultConsole
 .data.aptChainloadDeliverArgSize
                0x00119050        0x4 C:/devkitPro/libctru/lib\libctru.a(apt.o)
 .data.kCount   0x00119054        0x4 C:/devkitPro/libctru/lib\libctru.a(hid.o)
 .data.kInterval
                0x00119058        0x4 C:/devkitPro/libctru/lib\libctru.a(hid.o)
 .data.kDelay   0x0011905c        0x4 C:/devkitPro/libctru/lib\libctru.a(hid.o)
 .data.__stacksize__
                0x00119060        0x4 C:/devkitPro/libctru/lib\libctru.a(stack_adjust.o)
                0x00119060                __stacksize__
 .data._impure_ptr
                0x00119064        0x4 C:/devkitPro/devkitARM/bin/../lib/gcc/arm-none-eabi/14.2.0/../../../../arm-none-eabi/lib/armv6k/fpu\libg.a(libc_a-impure.o)
                0x00119064                _impure_ptr
 .data._impure_data
                0x00119068      0x120 C:/devkitPro/devkitARM/bin/../lib/gcc/arm-none-eabi/14.2.0/../../../../arm-none-eabi/lib/armv6k/fpu\libg.a(libc_a-impure.o)
                0x00119068                _impure_data
 .data.__sglue  0x00119188        0xc C:/devkitPro/devkitARM/bin/../lib/gcc/arm-none-eabi/14.2.0/../../../../arm-none-eabi/lib/armv6k/fpu\libg.a(libc_a-findfp.o)
                0x00119188                __sglue
 .data.__malloc_sbrk_base
                0x00119194        0x4 C:/devkitPro/devkitARM/bin/../lib/gcc/arm-none-eabi/14.2.0/../../../../arm-none-eabi/lib/armv6k/fpu\libg.a(libc_a-mallocr.o)
                0x00119194                __malloc_sbrk_base
 .data.__malloc_trim_threshold
                0x00119198        0x4 C:/devkitPro/devkitARM/bin/../lib/gcc/arm-none-eabi/14.2.0/../../../../arm-none-eabi/lib/armv6k/fpu\libg.a(libc_a-mallocr.o)
                0x00119198                __malloc_trim_threshold
 *fill*         0x0011919c        0x4 
 .data.__malloc_av_
                0x001191a0      0x408 C:/devkitPro/devkitARM/bin/../lib/gcc/arm-none-eabi/14.2.0/../../../../arm-none-eabi/lib/armv6k/fpu\libg.a(libc_a-mallocr.o)
                0x001191a0                __malloc_av_
 .data.__global_locale
                0x001195a8      0x16c C:/devkitPro/devkitARM/bin/../lib/gcc/arm-none-eabi/14.2.0/../../../../arm-none-eabi/lib/armv6k/fpu\libg.a(libc_a-locale.o)
                0x001195a8                __global_locale
 .data._current_working_directory
                0x00119714      0x400 C:/devkitPro/devkitARM/bin/../lib/gcc/arm-none-eabi/14.2.0/../../../../arm-none-eabi/lib/armv6k/fpu\libsysbase.a(libsysbase_libsysbase_a-chdir.o)
 *fill*         0x00119b14        0x4 
 .data.handles  0x00119b18     0x1000 C:/devkitPro/devkitARM/bin/../lib/gcc/arm-none-eabi/14.2.0/../../../../arm-none-eabi/lib/armv6k/fpu\libsysbase.a(libsysbase_libsysbase_a-handle_manager.o)
 .data.__stderr_handle
                0x0011ab18        0xc C:/devkitPro/devkitARM/bin/../lib/gcc/arm-none-eabi/14.2.0/../../../../arm-none-eabi/lib/armv6k/fpu\libsysbase.a(libsysbase_libsysbase_a-handle_manager.o)
 .data.__stdout_handle
                0x0011ab24        0xc C:/devkitPro/devkitARM/bin/../lib/gcc/arm-none-eabi/14.2.0/../../../../arm-none-eabi/lib/armv6k/fpu\libsysbase.a(libsysbase_libsysbase_a-handle_manager.o)
 .data.__stdin_handle
                0x0011ab30        0xc C:/devkitPro/devkitARM/bin/../lib/gcc/arm-none-eabi/14.2.0/../../../../arm-none-eabi/lib/armv6k/fpu\libsysbase.a(libsysbase_libsysbase_a-handle_manager.o)
 .data.devoptab_list
                0x0011ab3c       0x8c C:/devkitPro/devkitARM/bin/../lib/gcc/arm-none-eabi/14.2.0/../../../../arm-none-eabi/lib/armv6k/fpu\libsysbase.a(libsysbase_libsysbase_a-iosupport.o)
                0x0011ab3c                devoptab_list
 .data.defaultDevice
                0x0011abc8        0x4 C:/devkitPro/devkitARM/bin/../lib/gcc/arm-none-eabi/14.2.0/../../../../arm-none-eabi/lib/armv6k/fpu\libsysbase.a(libsysbase_libsysbase_a-iosupport.o)
 *(.gnu.linkonce.d*)
                0x0011abcc                        . = ALIGN (0x4)

.igot.plt       0x0011abcc        0x0
 .igot.plt      0x0011abcc        0x0 C:/devkitPro/devkitARM/bin/../lib/gcc/arm-none-eabi/14.2.0/../../../../arm-none-eabi/lib/armv6k/fpu/3dsx_crt0.o

.got            0x0011abcc        0x8
 .got           0x0011abcc        0x8 C:/devkitPro/devkitARM/bin/../lib/gcc/arm-none-eabi/14.2.0/../../../../arm-none-eabi/lib/armv6k/fpu/3dsx_crt0.o

.got.plt        0x0011abd4        0xc
 .got.plt       0x0011abd4        0xc C:/devkitPro/devkitARM/bin/../lib/gcc/arm-none-eabi/14.2.0/../../../../arm-none-eabi/lib/armv6k/fpu/3dsx_crt0.o
                0x0011abd4                _GLOBAL_OFFSET_TABLE_

.tdata          0x0011abe0        0x0
                0x0011abe0                        __tdata_lma = .
 *(.tdata)
 *(.tdata.*)
 *(.gnu.linkonce.td.*)
                0x0011abe0                        . = ALIGN (0x4)
                0x0011abe0                        __tdata_lma_end = .

.tbss           0x0011abe0      0xc08
 *(.tbss)
 *(.tbss.*)
 .tbss.__ctru_dev_utf16_buf
                0x0011abe0      0x802 C:/devkitPro/libctru/lib\libctru.a(path_buf.o)
                0x0011abe0                __ctru_dev_utf16_buf
 *fill*         0x0011b3e2        0x2 
 .tbss.__ctru_dev_path_buf
                0x0011b3e4      0x401 C:/devkitPro/libctru/lib\libctru.a(path_buf.o)
                0x0011b3e4                __ctru_dev_path_buf
 *(.gnu.linkonce.tb.*)
 *(.tcommon)
                0x0011b7e8                        . = ALIGN (0x4)
 *fill*         0x0011b7e5        0x3 

.preinit_array  0x0011abe0        0x0
                0x0011abe0                        PROVIDE (__preinit_array_start = .)
 *(.preinit_array)
                0x0011abe0                        PROVIDE (__preinit_array_end = .)

.init_array     0x0011abe0        0x4
                0x0011abe0                        PROVIDE (__init_array_start = .)
 *(SORT_BY_NAME(.init_array.*))
 *(.init_array)
 .init_array    0x0011abe0        0x4 C:/devkitPro/devkitARM/bin/../lib/gcc/arm-none-eabi/14.2.0/armv6k/fpu/crtbegin.o
                0x0011abe4                        PROVIDE (__init_array_end = .)

.fini_array     0x0011abe4        0x4
                0x0011abe4                        PROVIDE (__fini_array_start = .)
 *(.fini_array)
 .fini_array    0x0011abe4        0x4 C:/devkitPro/devkitARM/bin/../lib/gcc/arm-none-eabi/14.2.0/armv6k/fpu/crtbegin.o
 *(SORT_BY_NAME(.fini_array.*))
                0x0011abe8                        PROVIDE (__fini_array_end = .)

.ctors
 *crtbegin.o(.ctors)
 *(EXCLUDE_FILE(*crtend.o) .ctors)
 *(SORT_BY_NAME(.ctors.*))
 *(.ctors)

.dtors
 *crtbegin.o(.dtors)
 *(EXCLUDE_FILE(*crtend.o) .dtors)
 *(SORT_BY_NAME(.dtors.*))
 *(.dtors)
                0x0011abe8                        __bss_start__ = .

.bss            0x0011abe8     0x2de4
 *(.dynbss)
 *(.bss)
 *(.bss.*)
 .bss.completed.1
                0x0011abe8        0x1 C:/devkitPro/devkitARM/bin/../lib/gcc/arm-none-eabi/14.2.0/armv6k/fpu/crtbegin.o
 *fill*         0x0011abe9        0x3 
 .bss.object.0  0x0011abec       0x18 C:/devkitPro/devkitARM/bin/../lib/gcc/arm-none-eabi/14.2.0/armv6k/fpu/crtbegin.o
 .bss.escapeSeq
                0x0011ac04       0x1c C:/devkitPro/libctru/lib\libctru.a(console.o)
 .bss.currentCopy
                0x0011ac20       0x48 C:/devkitPro/libctru/lib\libctru.a(console.o)
                0x0011ac20                currentCopy
 .bss.screenAlloc
                0x0011ac68        0x4 C:/devkitPro/libctru/lib\libctru.a(gfx.o)
 .bss.screenFree
                0x0011ac6c        0x4 C:/devkitPro/libctru/lib\libctru.a(gfx.o)
 .bss.gfxIsDoubleBuf
                0x0011ac70        0x2 C:/devkitPro/libctru/lib\libctru.a(gfx.o)
 *fill*         0x0011ac72        0x2 
 .bss.gfxCurBuf
                0x0011ac74        0x2 C:/devkitPro/libctru/lib\libctru.a(gfx.o)
 .bss.gfxIsVram
                0x0011ac76        0x1 C:/devkitPro/libctru/lib\libctru.a(gfx.o)
 .bss.gfxTopMode
                0x0011ac77        0x1 C:/devkitPro/libctru/lib\libctru.a(gfx.o)
 .bss.gfxFramebufferFormats
                0x0011ac78        0x2 C:/devkitPro/libctru/lib\libctru.a(gfx.o)
 *fill*         0x0011ac7a        0x2 
 .bss.gfxBottomFramebufferMaxSize
                0x0011ac7c        0x4 C:/devkitPro/libctru/lib\libctru.a(gfx.o)
 .bss.gfxTopFramebufferMaxSize
                0x0011ac80        0x4 C:/devkitPro/libctru/lib\libctru.a(gfx.o)
 *fill*         0x0011ac84        0x4 
 .bss.gfxBottomFramebuffers
                0x0011ac88        0x8 C:/devkitPro/libctru/lib\libctru.a(gfx.o)
 .bss.gfxTopFramebuffers
                0x0011ac90        0x8 C:/devkitPro/libctru/lib\libctru.a(gfx.o)
 .bss.flagValue.0
                0x0011ac98        0x1 C:/devkitPro/libctru/lib\libctru.a(apt.o)
 .bss.flagInit.1
                0x0011ac99        0x1 C:/devkitPro/libctru/lib\libctru.a(apt.o)
 *fill*         0x0011ac9a        0x2 
 .bss.serviceName.6
                0x0011ac9c        0x4 C:/devkitPro/libctru/lib\libctru.a(apt.o)
 .bss.aptChainloadFlags
                0x0011aca0        0x1 C:/devkitPro/libctru/lib\libctru.a(apt.o)
 .bss.aptChainloadMediatype
                0x0011aca1        0x1 C:/devkitPro/libctru/lib\libctru.a(apt.o)
 *fill*         0x0011aca2        0x2 
 .bss.aptChainloadHmac
                0x0011aca4       0x20 C:/devkitPro/libctru/lib\libctru.a(apt.o)
 .bss.aptChainloadDeliverArg
                0x0011acc4      0x300 C:/devkitPro/libctru/lib\libctru.a(apt.o)
 *fill*         0x0011afc4        0x4 
 .bss.aptChainloadTid
                0x0011afc8        0x8 C:/devkitPro/libctru/lib\libctru.a(apt.o)
 .bss.aptParameters
                0x0011afd0     0x1000 C:/devkitPro/libctru/lib\libctru.a(apt.o)
 .bss.aptFlags  0x0011bfd0        0x4 C:/devkitPro/libctru/lib\libctru.a(apt.o)
 .bss.aptHomeButtonState
                0x0011bfd4        0x1 C:/devkitPro/libctru/lib\libctru.a(apt.o)
 *fill*         0x0011bfd5        0x3 
 .bss.aptMessageFuncData
                0x0011bfd8        0x4 C:/devkitPro/libctru/lib\libctru.a(apt.o)
 .bss.aptMessageFunc
                0x0011bfdc        0x4 C:/devkitPro/libctru/lib\libctru.a(apt.o)
 .bss.aptFirstHook
                0x0011bfe0        0xc C:/devkitPro/libctru/lib\libctru.a(apt.o)
 .bss.aptEventHandlerThreadQuit
                0x0011bfec        0x1 C:/devkitPro/libctru/lib\libctru.a(apt.o)
 *fill*         0x0011bfed        0x3 
 .bss.aptEventHandlerThread
                0x0011bff0        0x4 C:/devkitPro/libctru/lib\libctru.a(apt.o)
 .bss.aptSleepEvent
                0x0011bff4        0x8 C:/devkitPro/libctru/lib\libctru.a(apt.o)
 .bss.aptReceiveEvent
                0x0011bffc        0x8 C:/devkitPro/libctru/lib\libctru.a(apt.o)
 .bss.aptEvents
                0x0011c004        0x8 C:/devkitPro/libctru/lib\libctru.a(apt.o)
 .bss.aptLockHandle
                0x0011c00c        0x4 C:/devkitPro/libctru/lib\libctru.a(apt.o)
 .bss.aptRefCount
                0x0011c010        0x4 C:/devkitPro/libctru/lib\libctru.a(apt.o)
 .bss.gspEventCbOneShot
                0x0011c014        0x7 C:/devkitPro/libctru/lib\libctru.a(gspgpu.o)
 *fill*         0x0011c01b        0x1 
 .bss.gspEventCbData
                0x0011c01c       0x1c C:/devkitPro/libctru/lib\libctru.a(gspgpu.o)
 .bss.gspEventCb
                0x0011c038       0x1c C:/devkitPro/libctru/lib\libctru.a(gspgpu.o)
 .bss.gspEvents
                0x0011c054       0x38 C:/devkitPro/libctru/lib\libctru.a(gspgpu.o)
 .bss.gspLastEvent
                0x0011c08c        0x4 C:/devkitPro/libctru/lib\libctru.a(gspgpu.o)
 .bss.gspRunEvents
                0x0011c090        0x1 C:/devkitPro/libctru/lib\libctru.a(gspgpu.o)
 *fill*         0x0011c091        0x3 
 .bss.gspEventThread
                0x0011c094        0x4 C:/devkitPro/libctru/lib\libctru.a(gspgpu.o)
 .bss.gspEvent  0x0011c098        0x4 C:/devkitPro/libctru/lib\libctru.a(gspgpu.o)
 .bss.gspGpuRight
                0x0011c09c        0x1 C:/devkitPro/libctru/lib\libctru.a(gspgpu.o)
 .bss.gspThreadId
                0x0011c09d        0x1 C:/devkitPro/libctru/lib\libctru.a(gspgpu.o)
 *fill*         0x0011c09e        0x2 
 .bss.gspSharedMem
                0x0011c0a0        0x4 C:/devkitPro/libctru/lib\libctru.a(gspgpu.o)
 .bss.gspSharedMemHandle
                0x0011c0a4        0x4 C:/devkitPro/libctru/lib\libctru.a(gspgpu.o)
 .bss.gspRefCount
                0x0011c0a8        0x4 C:/devkitPro/libctru/lib\libctru.a(gspgpu.o)
 .bss.gspGpuHandle
                0x0011c0ac        0x4 C:/devkitPro/libctru/lib\libctru.a(gspgpu.o)
 .bss.usingIrrst
                0x0011c0b0        0x1 C:/devkitPro/libctru/lib\libctru.a(hid.o)
 *fill*         0x0011c0b1        0x3 
 .bss.hidRefCount
                0x0011c0b4        0x4 C:/devkitPro/libctru/lib\libctru.a(hid.o)
 .bss.gRate     0x0011c0b8        0x6 C:/devkitPro/libctru/lib\libctru.a(hid.o)
 *fill*         0x0011c0be        0x2 
 .bss.aVec      0x0011c0c0        0x6 C:/devkitPro/libctru/lib\libctru.a(hid.o)
 *fill*         0x0011c0c6        0x2 
 .bss.cPos      0x0011c0c8        0x4 C:/devkitPro/libctru/lib\libctru.a(hid.o)
 .bss.tPos      0x0011c0cc        0x4 C:/devkitPro/libctru/lib\libctru.a(hid.o)
 .bss.kRepeat   0x0011c0d0        0x4 C:/devkitPro/libctru/lib\libctru.a(hid.o)
 .bss.kUp       0x0011c0d4        0x4 C:/devkitPro/libctru/lib\libctru.a(hid.o)
 .bss.kDown     0x0011c0d8        0x4 C:/devkitPro/libctru/lib\libctru.a(hid.o)
 .bss.kHeld     0x0011c0dc        0x4 C:/devkitPro/libctru/lib\libctru.a(hid.o)
 .bss.kOld      0x0011c0e0        0x4 C:/devkitPro/libctru/lib\libctru.a(hid.o)
 .bss.hidSharedMem
                0x0011c0e4        0x4 C:/devkitPro/libctru/lib\libctru.a(hid.o)
                0x0011c0e4                hidSharedMem
 .bss.hidEvents
                0x0011c0e8       0x14 C:/devkitPro/libctru/lib\libctru.a(hid.o)
                0x0011c0e8                hidEvents
 .bss.hidMemHandle
                0x0011c0fc        0x4 C:/devkitPro/libctru/lib\libctru.a(hid.o)
                0x0011c0fc                hidMemHandle
 .bss.hidHandle
                0x0011c100        0x4 C:/devkitPro/libctru/lib\libctru.a(hid.o)
                0x0011c100                hidHandle
 .bss.irrstRefCount
                0x0011c104        0x4 C:/devkitPro/libctru/lib\libctru.a(irrst.o)
 .bss.csPos     0x0011c108        0x4 C:/devkitPro/libctru/lib\libctru.a(irrst.o)
 .bss.kHeld     0x0011c10c        0x4 C:/devkitPro/libctru/lib\libctru.a(irrst.o)
 .bss.irrstSharedMem
                0x0011c110        0x4 C:/devkitPro/libctru/lib\libctru.a(irrst.o)
                0x0011c110                irrstSharedMem
 .bss.irrstEvent
                0x0011c114        0x4 C:/devkitPro/libctru/lib\libctru.a(irrst.o)
                0x0011c114                irrstEvent
 .bss.irrstMemHandle
                0x0011c118        0x4 C:/devkitPro/libctru/lib\libctru.a(irrst.o)
                0x0011c118                irrstMemHandle
 .bss.irrstHandle
                0x0011c11c        0x4 C:/devkitPro/libctru/lib\libctru.a(irrst.o)
                0x0011c11c                irrstHandle
 .bss.__system_retAddr
                0x0011c120        0x4 C:/devkitPro/libctru/lib\libctru.a(ctru_init.o)
                0x0011c120                __system_retAddr
 .bss.__system_argv
                0x0011c124        0x4 C:/devkitPro/libctru/lib\libctru.a(initArgv.o)
                0x0011c124                __system_argv
 .bss.__system_argc
                0x0011c128        0x4 C:/devkitPro/libctru/lib\libctru.a(initArgv.o)
                0x0011c128                __system_argc
 .bss.saved_stack.42
                0x0011c12c        0x8 C:/devkitPro/libctru/lib\libctru.a(stack_adjust.o)
 *fill*         0x0011c134        0x4 
 .bss._ZL11sLinearPool
                0x0011c138        0x8 C:/devkitPro/libctru/lib\libctru.a(linear.o)
 .bss._ZL8sAddrMap
                0x0011c140        0xc C:/devkitPro/libctru/lib\libctru.a(linear.o)
 *fill*         0x0011c14c        0x4 
 .bss._ZL10sVramPoolB
                0x0011c150        0x8 C:/devkitPro/libctru/lib\libctru.a(vram.o)
 .bss._ZL10sVramPoolA
                0x0011c158        0x8 C:/devkitPro/libctru/lib\libctru.a(vram.o)
 .bss._ZL8sAddrMap
                0x0011c160        0xc C:/devkitPro/libctru/lib\libctru.a(vram.o)
 .bss.__3dslink_host
                0x0011c16c        0x4 C:/devkitPro/libctru/lib\libctru.a(3dslink.o)
                0x0011c16c                __3dslink_host
 .bss.__ctru_speedup
                0x0011c170        0x1 C:/devkitPro/libctru/lib\libctru.a(os.o)
                0x0011c170                __ctru_speedup
 *fill*         0x0011c171        0x3 
 .bss.srvRefCount
                0x0011c174        0x4 C:/devkitPro/libctru/lib\libctru.a(srv.o)
 .bss.srvHandle
                0x0011c178        0x4 C:/devkitPro/libctru/lib\libctru.a(srv.o)
 .bss.arbiter   0x0011c17c        0x4 C:/devkitPro/libctru/lib\libctru.a(synchronization.o)
 .bss.currentAddr
                0x0011c180        0x4 C:/devkitPro/libctru/lib\libctru.a(mappable.o)
 .bss.maxAddr   0x0011c184        0x4 C:/devkitPro/libctru/lib\libctru.a(mappable.o)
 .bss.minAddr   0x0011c188        0x4 C:/devkitPro/libctru/lib\libctru.a(mappable.o)
 .bss.ptmSysmRefCount
                0x0011c18c        0x4 C:/devkitPro/libctru/lib\libctru.a(ptmsysm.o)
 .bss.ptmSysmHandle
                0x0011c190        0x4 C:/devkitPro/libctru/lib\libctru.a(ptmsysm.o)
 .bss.srvPmHandle
                0x0011c194        0x4 C:/devkitPro/libctru/lib\libctru.a(srvpm.o)
 .bss.__ctru_linear_heap_size
                0x0011c198        0x4 C:/devkitPro/libctru/lib\libctru.a(allocateHeaps.o)
                0x0011c198                __ctru_linear_heap_size
 .bss.__ctru_heap_size
                0x0011c19c        0x4 C:/devkitPro/libctru/lib\libctru.a(allocateHeaps.o)
                0x0011c19c                __ctru_heap_size
 .bss.__ctru_linear_heap
                0x0011c1a0        0x4 C:/devkitPro/libctru/lib\libctru.a(allocateHeaps.o)
                0x0011c1a0                __ctru_linear_heap
 .bss.__ctru_heap
                0x0011c1a4        0x4 C:/devkitPro/libctru/lib\libctru.a(allocateHeaps.o)
                0x0011c1a4                __ctru_heap
 .bss.archive_devices
                0x0011c1a8      0x5c0 C:/devkitPro/libctru/lib\libctru.a(archive_dev.o)
 .bss.archive_device_cwd
                0x0011c768        0x4 C:/devkitPro/libctru/lib\libctru.a(archive_dev.o)
 .bss.archive_initialized
                0x0011c76c        0x1 C:/devkitPro/libctru/lib\libctru.a(archive_dev.o)
 *fill*         0x0011c76d        0x3 
 .bss.fsExemptArchives
                0x0011c770       0x80 C:/devkitPro/libctru/lib\libctru.a(fs.o)
 .bss.fsuRefCount
                0x0011c7f0        0x4 C:/devkitPro/libctru/lib\libctru.a(fs.o)
 .bss.fsuHandle
                0x0011c7f4        0x4 C:/devkitPro/libctru/lib\libctru.a(fs.o)
 .bss.__sfp_recursive_mutex
                0x0011c7f8        0xc C:/devkitPro/devkitARM/bin/../lib/gcc/arm-none-eabi/14.2.0/../../../../arm-none-eabi/lib/armv6k/fpu\libg.a(libc_a-findfp.o)
 *fill*         0x0011c804        0x4 